Component: ARM Compiler 5.06 update 5 (build 528) Tool: armlink [4d35e2]

==============================================================================

Section Cross References

    main.o(i.main) refers to main.o(i.CLK_init) for CLK_init
    main.o(i.main) refers to main.o(i.RCC_init) for RCC_init
    main.o(i.main) refers to main.o(i.GPIO_init) for GPIO_init
    main.o(i.main) refers to main.o(i.SPI_init) for SPI_init
    main.o(i.main) refers to lcd.o(i.LCD_init) for LCD_init
    main.o(i.main) refers to lcd.o(i.LCD_cmd) for LCD_cmd
    main.o(i.main) refers to lcd.o(i.clearLCD) for clearLCD
    main.o(i.main) refers to tasks.o(i.xTaskCreate) for xTaskCreate
    main.o(i.main) refers to tasks.o(i.vTaskStartScheduler) for vTaskStartScheduler
    main.o(i.main) refers to lcd.o(i.fillLCD) for fillLCD
    main.o(i.main) refers to main.o(i.vTask1) for vTask1
    main.o(i.main) refers to main.o(i.vTask2) for vTask2
    main.o(i.vApplicationIdleHook) refers to port.o(i.vPortEnterCritical) for vPortEnterCritical
    main.o(i.vApplicationIdleHook) refers to lcd.o(i.write) for write
    main.o(i.vApplicationIdleHook) refers to lcd.o(i.newLine) for newLine
    main.o(i.vApplicationIdleHook) refers to lcd.o(i.display) for display
    main.o(i.vApplicationIdleHook) refers to port.o(i.vPortExitCritical) for vPortExitCritical
    main.o(i.vApplicationIdleHook) refers to main.o(i.delay) for delay
    main.o(i.vTask1) refers to port.o(i.vPortEnterCritical) for vPortEnterCritical
    main.o(i.vTask1) refers to lcd.o(i.write) for write
    main.o(i.vTask1) refers to tasks.o(i.vTaskDelay) for vTaskDelay
    main.o(i.vTask1) refers to lcd.o(i.display) for display
    main.o(i.vTask1) refers to port.o(i.vPortExitCritical) for vPortExitCritical
    main.o(i.vTask2) refers to port.o(i.vPortEnterCritical) for vPortEnterCritical
    main.o(i.vTask2) refers to lcd.o(i.write) for write
    main.o(i.vTask2) refers to tasks.o(i.vTaskDelay) for vTaskDelay
    main.o(i.vTask2) refers to lcd.o(i.display) for display
    main.o(i.vTask2) refers to port.o(i.vPortExitCritical) for vPortExitCritical
    main.o(i.wait) refers to main.o(.data) for .data
    event_groups.o(i.vEventGroupClearBitsCallback) refers to event_groups.o(i.xEventGroupClearBits) for xEventGroupClearBits
    event_groups.o(i.vEventGroupDelete) refers to tasks.o(i.vTaskSuspendAll) for vTaskSuspendAll
    event_groups.o(i.vEventGroupDelete) refers to tasks.o(i.xTaskRemoveFromUnorderedEventList) for xTaskRemoveFromUnorderedEventList
    event_groups.o(i.vEventGroupDelete) refers to heap_2.o(i.vPortFree) for vPortFree
    event_groups.o(i.vEventGroupDelete) refers to tasks.o(i.xTaskResumeAll) for xTaskResumeAll
    event_groups.o(i.vEventGroupSetBitsCallback) refers to event_groups.o(i.xEventGroupSetBits) for xEventGroupSetBits
    event_groups.o(i.xEventGroupClearBits) refers to port.o(i.vPortEnterCritical) for vPortEnterCritical
    event_groups.o(i.xEventGroupClearBits) refers to port.o(i.vPortExitCritical) for vPortExitCritical
    event_groups.o(i.xEventGroupCreate) refers to heap_2.o(i.pvPortMalloc) for pvPortMalloc
    event_groups.o(i.xEventGroupCreate) refers to list.o(i.vListInitialise) for vListInitialise
    event_groups.o(i.xEventGroupSetBits) refers to tasks.o(i.vTaskSuspendAll) for vTaskSuspendAll
    event_groups.o(i.xEventGroupSetBits) refers to tasks.o(i.xTaskRemoveFromUnorderedEventList) for xTaskRemoveFromUnorderedEventList
    event_groups.o(i.xEventGroupSetBits) refers to tasks.o(i.xTaskResumeAll) for xTaskResumeAll
    event_groups.o(i.xEventGroupSync) refers to tasks.o(i.vTaskSuspendAll) for vTaskSuspendAll
    event_groups.o(i.xEventGroupSync) refers to event_groups.o(i.xEventGroupSetBits) for xEventGroupSetBits
    event_groups.o(i.xEventGroupSync) refers to tasks.o(i.vTaskPlaceOnUnorderedEventList) for vTaskPlaceOnUnorderedEventList
    event_groups.o(i.xEventGroupSync) refers to tasks.o(i.xTaskResumeAll) for xTaskResumeAll
    event_groups.o(i.xEventGroupSync) refers to tasks.o(i.uxTaskResetEventItemValue) for uxTaskResetEventItemValue
    event_groups.o(i.xEventGroupSync) refers to port.o(i.vPortEnterCritical) for vPortEnterCritical
    event_groups.o(i.xEventGroupSync) refers to port.o(i.vPortExitCritical) for vPortExitCritical
    event_groups.o(i.xEventGroupWaitBits) refers to tasks.o(i.vTaskSuspendAll) for vTaskSuspendAll
    event_groups.o(i.xEventGroupWaitBits) refers to event_groups.o(i.prvTestWaitCondition) for prvTestWaitCondition
    event_groups.o(i.xEventGroupWaitBits) refers to tasks.o(i.vTaskPlaceOnUnorderedEventList) for vTaskPlaceOnUnorderedEventList
    event_groups.o(i.xEventGroupWaitBits) refers to tasks.o(i.xTaskResumeAll) for xTaskResumeAll
    event_groups.o(i.xEventGroupWaitBits) refers to tasks.o(i.uxTaskResetEventItemValue) for uxTaskResetEventItemValue
    event_groups.o(i.xEventGroupWaitBits) refers to port.o(i.vPortEnterCritical) for vPortEnterCritical
[...]
    tasks.o(i.xTaskIncrementTick) refers to list.o(i.vListInsertEnd) for vListInsertEnd
    tasks.o(i.xTaskIncrementTick) refers to tasks.o(.data) for .data
    tasks.o(i.xTaskIncrementTick) refers to tasks.o(.bss) for .bss
    tasks.o(i.xTaskNotifyStateClear) refers to port.o(i.vPortEnterCritical) for vPortEnterCritical
    tasks.o(i.xTaskNotifyStateClear) refers to port.o(i.vPortExitCritical) for vPortExitCritical
    tasks.o(i.xTaskNotifyStateClear) refers to tasks.o(.data) for .data
    tasks.o(i.xTaskNotifyWait) refers to port.o(i.vPortEnterCritical) for vPortEnterCritical
    tasks.o(i.xTaskNotifyWait) refers to tasks.o(i.prvAddCurrentTaskToDelayedList) for prvAddCurrentTaskToDelayedList
    tasks.o(i.xTaskNotifyWait) refers to port.o(i.vPortExitCritical) for vPortExitCritical
    tasks.o(i.xTaskNotifyWait) refers to tasks.o(.data) for .data
    tasks.o(i.xTaskRemoveFromEventList) refers to list.o(i.uxListRemove) for uxListRemove
    tasks.o(i.xTaskRemoveFromEventList) refers to list.o(i.vListInsertEnd) for vListInsertEnd
    tasks.o(i.xTaskRemoveFromEventList) refers to tasks.o(.data) for .data
    tasks.o(i.xTaskRemoveFromEventList) refers to tasks.o(.bss) for .bss
    tasks.o(i.xTaskRemoveFromUnorderedEventList) refers to list.o(i.uxListRemove) for uxListRemove
    tasks.o(i.xTaskRemoveFromUnorderedEventList) refers to list.o(i.vListInsertEnd) for vListInsertEnd
    tasks.o(i.xTaskRemoveFromUnorderedEventList) refers to tasks.o(.data) for .data
    tasks.o(i.xTaskRemoveFromUnorderedEventList) refers to tasks.o(.bss) for .bss
    tasks.o(i.xTaskResumeAll) refers to port.o(i.vPortEnterCritical) for vPortEnterCritical
    tasks.o(i.xTaskResumeAll) refers to list.o(i.uxListRemove) for uxListRemove
    tasks.o(i.xTaskResumeAll) refers to list.o(i.vListInsertEnd) for vListInsertEnd
    tasks.o(i.xTaskResumeAll) refers to tasks.o(i.prvResetNextTaskUnblockTime) for prvResetNextTaskUnblockTime
    tasks.o(i.xTaskResumeAll) refers to tasks.o(i.xTaskIncrementTick) for xTaskIncrementTick
    tasks.o(i.xTaskResumeAll) refers to port.o(i.vPortExitCritical) for vPortExitCritical
    tasks.o(i.xTaskResumeAll) refers to tasks.o(.data) for .data
    tasks.o(i.xTaskResumeAll) refers to tasks.o(.bss) for .bss
    tasks.o(i.xTaskResumeFromISR) refers to tasks.o(i.prvTaskIsTaskSuspended) for prvTaskIsTaskSuspended
    tasks.o(i.xTaskResumeFromISR) refers to list.o(i.uxListRemove) for uxListRemove
    tasks.o(i.xTaskResumeFromISR) refers to list.o(i.vListInsertEnd) for vListInsertEnd
    tasks.o(i.xTaskResumeFromISR) refers to tasks.o(.data) for .data
    tasks.o(i.xTaskResumeFromISR) refers to tasks.o(.bss) for .bss
    heap_2.o(i.pvPortMalloc) refers to tasks.o(i.vTaskSuspendAll) for vTaskSuspendAll
    heap_2.o(i.pvPortMalloc) refers to tasks.o(i.xTaskResumeAll) for xTaskResumeAll
    heap_2.o(i.pvPortMalloc) refers to heap_2.o(.data) for .data
    heap_2.o(i.pvPortMalloc) refers to heap_2.o(.bss) for .bss
    heap_2.o(i.vPortFree) refers to tasks.o(i.vTaskSuspendAll) for vTaskSuspendAll
    heap_2.o(i.vPortFree) refers to tasks.o(i.xTaskResumeAll) for xTaskResumeAll
    heap_2.o(i.vPortFree) refers to heap_2.o(.data) for .data
    heap_2.o(i.xPortGetFreeHeapSize) refers to heap_2.o(.data) for .data
    port.o(.emb_text) refers to tasks.o(i.vTaskSwitchContext) for vTaskSwitchContext
    port.o(.emb_text) refers to tasks.o(.data) for pxCurrentTCB
    port.o(i.SysTick_Handler) refers to tasks.o(i.xTaskIncrementTick) for xTaskIncrementTick
    port.o(i.pxPortInitialiseStack) refers to port.o(i.prvTaskExitError) for prvTaskExitError
    port.o(i.vPortEnterCritical) refers to port.o(.data) for .data
    port.o(i.vPortExitCritical) refers to port.o(.data) for .data
    port.o(i.xPortStartScheduler) refers to port.o(i.vPortSetupTimerInterrupt) for vPortSetupTimerInterrupt
    port.o(i.xPortStartScheduler) refers to port.o(.emb_text) for __asm___6_port_c_39a90d8d__prvStartFirstTask
    port.o(i.xPortStartScheduler) refers to port.o(.data) for .data
    lcd.o(i.LCD_clear) refers to lcd.o(i.setX) for setX
    lcd.o(i.LCD_clear) refers to lcd.o(i.setY) for setY
    lcd.o(i.LCD_clear) refers to lcd.o(i.LCD_data) for LCD_data
    lcd.o(i.LCD_cmd) refers to main.o(i.wait) for wait
    lcd.o(i.LCD_data) refers to main.o(i.wait) for wait
    lcd.o(i.LCD_init) refers to lcd.o(i.setX) for setX
    lcd.o(i.LCD_init) refers to lcd.o(i.setY) for setY
    lcd.o(i.character) refers to lcd.o(.data) for .data
    lcd.o(i.character) refers to lcd.o(.constdata) for .constdata
    lcd.o(i.character) refers to lcd.o(.bss) for .bss
    lcd.o(i.clearLCD) refers to rt_memclr.o(.text) for __aeabi_memclr
    lcd.o(i.clearLCD) refers to lcd.o(i.LCD_data) for LCD_data
    lcd.o(i.clearLCD) refers to lcd.o(i.setX) for setX
    lcd.o(i.clearLCD) refers to lcd.o(i.setY) for setY
    lcd.o(i.clearLCD) refers to lcd.o(.bss) for .bss
    lcd.o(i.display) refers to lcd.o(i.setX) for setX
    lcd.o(i.display) refers to lcd.o(i.setY) for setY
    lcd.o(i.display) refers to lcd.o(i.LCD_data) for LCD_data
    lcd.o(i.display) refers to lcd.o(.bss) for .bss
    lcd.o(i.displayCursor) refers to lcd.o(.data) for .data
    lcd.o(i.displayCursor) refers to lcd.o(.constdata) for .constdata
    lcd.o(i.displayCursor) refers to lcd.o(.bss) for .bss
    lcd.o(i.fill) refers to lcd.o(i.setX) for setX
    lcd.o(i.fill) refers to lcd.o(i.setY) for setY
    lcd.o(i.fill) refers to lcd.o(i.LCD_data) for LCD_data
    lcd.o(i.fillLCD) refers to aeabi_memset.o(.text) for __aeabi_memset
    lcd.o(i.fillLCD) refers to lcd.o(i.LCD_data) for LCD_data
    lcd.o(i.fillLCD) refers to lcd.o(i.setX) for setX
    lcd.o(i.fillLCD) refers to lcd.o(i.setY) for setY
    lcd.o(i.fillLCD) refers to lcd.o(.bss) for .bss
    lcd.o(i.filldown) refers to lcd.o(i.setX) for setX
    lcd.o(i.filldown) refers to lcd.o(i.setY) for setY
    lcd.o(i.filldown) refers to lcd.o(i.LCD_data) for LCD_data
    lcd.o(i.fillsegment) refers to lcd.o(i.setX) for setX
    lcd.o(i.fillsegment) refers to lcd.o(i.setY) for setY
    lcd.o(i.fillsegment) refers to lcd.o(i.LCD_data) for LCD_data
    lcd.o(i.fillup) refers to lcd.o(i.setX) for setX
    lcd.o(i.fillup) refers to lcd.o(i.setY) for setY
    lcd.o(i.fillup) refers to lcd.o(i.LCD_data) for LCD_data
    lcd.o(i.line) refers to fflt_clz.o(x$fpl$fflt) for __aeabi_i2f
    lcd.o(i.line) refers to fdiv.o(x$fpl$fdiv) for __aeabi_fdiv
    lcd.o(i.line) refers to lcd.o(i.setPixel) for setPixel
    lcd.o(i.newLine) refers to lcd.o(.data) for .data
    lcd.o(i.pixel) refers to lcd.o(i.setX) for setX
    lcd.o(i.pixel) refers to lcd.o(i.setY) for setY
    lcd.o(i.pixel) refers to lcd.o(i.LCD_data) for LCD_data
    lcd.o(i.px_vline) refers to lcd.o(i.fillsegment) for fillsegment
    lcd.o(i.px_vline) refers to lcd.o(i.setX) for setX
    lcd.o(i.setPixel) refers to lcd.o(.bss) for .bss
    lcd.o(i.setX) refers to lcd.o(i.LCD_cmd) for LCD_cmd
    lcd.o(i.setY) refers to lcd.o(i.LCD_cmd) for LCD_cmd
    lcd.o(i.space) refers to lcd.o(.data) for .data
    lcd.o(i.space) refers to lcd.o(.bss) for .bss
    lcd.o(i.vline) refers to lcd.o(i.fillsegment) for fillsegment
    lcd.o(i.write) refers to lcd.o(i.character) for character
    lcd.o(i.write) refers to ds.o(i.lshift) for lshift
    lcd.o(i.write) refers to lcd.o(.data) for .data
    lcd.o(i.write) refers to lcd.o(.bss) for .bss
    ds.o(i.lshift) refers to rt_memmove_v6.o(.text) for __aeabi_memmove
    startup_stm32f10x_md.o(STACK) refers (Special) to heapauxi.o(.text) for __use_two_region_memory
    startup_stm32f10x_md.o(HEAP) refers (Special) to heapauxi.o(.text) for __use_two_region_memory
    startup_stm32f10x_md.o(RESET) refers (Special) to heapauxi.o(.text) for __use_two_region_memory
    startup_stm32f10x_md.o(RESET) refers to startup_stm32f10x_md.o(STACK) for __initial_sp
    startup_stm32f10x_md.o(RESET) refers to startup_stm32f10x_md.o(.text) for Reset_Handler
    startup_stm32f10x_md.o(RESET) refers to port.o(.emb_text) for SVC_Handler
    startup_stm32f10x_md.o(RESET) refers to port.o(i.SysTick_Handler) for SysTick_Handler
    startup_stm32f10x_md.o(.text) refers (Special) to heapauxi.o(.text) for __use_two_region_memory
    startup_stm32f10x_md.o(.text) refers to system_stm32f10x.o(i.SystemInit) for SystemInit
    startup_stm32f10x_md.o(.text) refers to __main.o(!!!main) for __main
    startup_stm32f10x_md.o(.text) refers to startup_stm32f10x_md.o(HEAP) for Heap_Mem
    startup_stm32f10x_md.o(.text) refers to startup_stm32f10x_md.o(STACK) for Stack_Mem
    system_stm32f10x.o(i.SystemCoreClockUpdate) refers to system_stm32f10x.o(.data) for .data
    system_stm32f10x.o(i.SystemInit) refers to system_stm32f10x.o(i.SetSysClockTo72) for SetSysClockTo72
    rt_memcpy_v6.o(.text) refers to rt_memcpy_w.o(.text) for __aeabi_memcpy4
    rt_memmove_v6.o(.text) refers to rt_memcpy_v6.o(.text) for __aeabi_memcpy
    rt_memmove_v6.o(.text) refers to rt_memmove_w.o(.text) for __memmove_aligned
    aeabi_memset.o(.text) refers to rt_memclr.o(.text) for _memset
    rt_memclr.o(.text) refers to rt_memclr_w.o(.text) for _memset_w
    __main.o(!!!main) refers to __rtentry.o(.ARM.Collect$$rtentry$$00000000) for __rt_entry
    fdiv.o(x$fpl$frdiv) refers (Special) to usenofp.o(x$fpl$usenofp) for __I$use$fp
    fdiv.o(x$fpl$frdiv) refers to fdiv.o(x$fpl$fdiv) for _fdiv1
    fdiv.o(x$fpl$fdiv) refers (Special) to usenofp.o(x$fpl$usenofp) for __I$use$fp
    fdiv.o(x$fpl$fdiv) refers to fretinf.o(x$fpl$fretinf) for __fpl_fretinf
    fdiv.o(x$fpl$fdiv) refers to fnaninf.o(x$fpl$fnaninf) for __fpl_fnaninf
    fflt_clz.o(x$fpl$ffltu) refers (Special) to usenofp.o(x$fpl$usenofp) for __I$use$fp
    fflt_clz.o(x$fpl$fflt) refers (Special) to usenofp.o(x$fpl$usenofp) for __I$use$fp
    fflt_clz.o(x$fpl$ffltn) refers (Special) to usenofp.o(x$fpl$usenofp) for __I$use$fp
    __rtentry.o(.ARM.Collect$$rtentry$$00000000) refers (Special) to __rtentry2.o(.ARM.Collect$$rtentry$$0000000A) for __rt_entry_li
    __rtentry.o(.ARM.Collect$$rtentry$$00000000) refers (Special) to __rtentry2.o(.ARM.Collect$$rtentry$$0000000D) for __rt_entry_main
    __rtentry.o(.ARM.Collect$$rtentry$$00000000) refers (Special) to __rtentry2.o(.ARM.Collect$$rtentry$$0000000C) for __rt_entry_postli_1
    __rtentry.o(.ARM.Collect$$rtentry$$00000000) refers (Special) to __rtentry2.o(.ARM.Collect$$rtentry$$00000009) for __rt_entry_postsh_1
    __rtentry.o(.ARM.Collect$$rtentry$$00000000) refers (Special) to __rtentry2.o(.ARM.Collect$$rtentry$$00000002) for __rt_entry_presh_1
    __rtentry.o(.ARM.Collect$$rtentry$$00000000) refers (Special) to __rtentry4.o(.ARM.Collect$$rtentry$$00000004) for __rt_entry_sh
    rt_memmove_w.o(.text) refers to rt_memcpy_w.o(.text) for __aeabi_memcpy4
    fnaninf.o(x$fpl$fnaninf) refers (Special) to usenofp.o(x$fpl$usenofp) for __I$use$fp
    fretinf.o(x$fpl$fretinf) refers (Special) to usenofp.o(x$fpl$usenofp) for __I$use$fp
    __rtentry2.o(.ARM.Collect$$rtentry$$00000008) refers to boardinit2.o(.text) for _platform_post_stackheap_init
    __rtentry2.o(.ARM.Collect$$rtentry$$0000000A) refers to libinit.o(.ARM.Collect$$libinit$$00000000) for __rt_lib_init
    __rtentry2.o(.ARM.Collect$$rtentry$$0000000B) refers to boardinit3.o(.text) for _platform_post_lib_init
    __rtentry2.o(.ARM.Collect$$rtentry$$0000000D) refers to main.o(i.main) for main
    __rtentry2.o(.ARM.Collect$$rtentry$$0000000D) refers to exit.o(.text) for exit
    __rtentry2.o(.ARM.exidx) refers to __rtentry2.o(.ARM.Collect$$rtentry$$00000001) for .ARM.Collect$$rtentry$$00000001
    __rtentry2.o(.ARM.exidx) refers to __rtentry2.o(.ARM.Collect$$rtentry$$00000008) for .ARM.Collect$$rtentry$$00000008
    __rtentry2.o(.ARM.exidx) refers to __rtentry2.o(.ARM.Collect$$rtentry$$0000000A) for .ARM.Collect$$rtentry$$0000000A
    __rtentry2.o(.ARM.exidx) refers to __rtentry2.o(.ARM.Collect$$rtentry$$0000000B) for .ARM.Collect$$rtentry$$0000000B
    __rtentry2.o(.ARM.exidx) refers to __rtentry2.o(.ARM.Collect$$rtentry$$0000000D) for .ARM.Collect$$rtentry$$0000000D
    __rtentry4.o(.ARM.Collect$$rtentry$$00000004) refers to sys_stackheap_outer.o(.text) for __user_setup_stackheap
    __rtentry4.o(.ARM.exidx) refers to __rtentry4.o(.ARM.Collect$$rtentry$$00000004) for .ARM.Collect$$rtentry$$00000004
    sys_stackheap_outer.o(.text) refers to libspace.o(.text) for __user_perproc_libspace
    sys_stackheap_outer.o(.text) refers to startup_stm32f10x_md.o(.text) for __user_initial_stackheap
    exit.o(.text) refers to rtexit.o(.ARM.Collect$$rtexit$$00000000) for __rt_exit
    libinit.o(.ARM.Collect$$libinit$$00000000) refers (Special) to libinit2.o(.ARM.Collect$$libinit$$0000002E) for __rt_lib_init_alloca_1
    libinit.o(.ARM.Collect$$libinit$$00000000) refers (Special) to libinit2.o(.ARM.Collect$$libinit$$0000002C) for __rt_lib_init_argv_1
    libinit.o(.ARM.Collect$$libinit$$00000000) refers (Special) to libinit2.o(.ARM.Collect$$libinit$$0000001B) for __rt_lib_init_atexit_1
    libinit.o(.ARM.Collect$$libinit$$00000000) refers (Special) to libinit2.o(.ARM.Collect$$libinit$$00000021) for __rt_lib_init_clock_1
    libinit.o(.ARM.Collect$$libinit$$00000000) refers (Special) to libinit2.o(.ARM.Collect$$libinit$$00000032) for __rt_lib_init_cpp_1
    libinit.o(.ARM.Collect$$libinit$$00000000) refers (Special) to libinit2.o(.ARM.Collect$$libinit$$00000030) for __rt_lib_init_exceptions_1
    libinit.o(.ARM.Collect$$libinit$$00000000) refers (Special) to libinit2.o(.ARM.Collect$$libinit$$00000002) for __rt_lib_init_fp_1
    libinit.o(.ARM.Collect$$libinit$$00000000) refers (Special) to libinit2.o(.ARM.Collect$$libinit$$0000001F) for __rt_lib_init_fp_trap_1
    libinit.o(.ARM.Collect$$libinit$$00000000) refers (Special) to libinit2.o(.ARM.Collect$$libinit$$00000023) for __rt_lib_init_getenv_1
    libinit.o(.ARM.Collect$$libinit$$00000000) refers (Special) to libinit2.o(.ARM.Collect$$libinit$$0000000A) for __rt_lib_init_heap_1
    libinit.o(.ARM.Collect$$libinit$$00000000) refers (Special) to libinit2.o(.ARM.Collect$$libinit$$00000011) for __rt_lib_init_lc_collate_1
    libinit.o(.ARM.Collect$$libinit$$00000000) refers (Special) to libinit2.o(.ARM.Collect$$libinit$$00000013) for __rt_lib_init_lc_ctype_1
    libinit.o(.ARM.Collect$$libinit$$00000000) refers (Special) to libinit2.o(.ARM.Collect$$libinit$$00000015) for __rt_lib_init_lc_monetary_1
    libinit.o(.ARM.Collect$$libinit$$00000000) refers (Special) to libinit2.o(.ARM.Collect$$libinit$$00000017) for __rt_lib_init_lc_numeric_1
    libinit.o(.ARM.Collect$$libinit$$00000000) refers (Special) to libinit2.o(.ARM.Collect$$libinit$$00000019) for __rt_lib_init_lc_time_1
    libinit.o(.ARM.Collect$$libinit$$00000000) refers (Special) to libinit2.o(.ARM.Collect$$libinit$$00000004) for __rt_lib_init_preinit_1
    libinit.o(.ARM.Collect$$libinit$$00000000) refers (Special) to libinit2.o(.ARM.Collect$$libinit$$0000000E) for __rt_lib_init_rand_1
    libinit.o(.ARM.Collect$$libinit$$00000000) refers (Special) to libinit2.o(.ARM.Collect$$libinit$$00000033) for __rt_lib_init_return
    libinit.o(.ARM.Collect$$libinit$$00000000) refers (Special) to libinit2.o(.ARM.Collect$$libinit$$0000001D) for __rt_lib_init_signal_1
    libinit.o(.ARM.Collect$$libinit$$00000000) refers (Special) to libinit2.o(.ARM.Collect$$libinit$$00000025) for __rt_lib_init_stdio_1
    libinit.o(.ARM.Collect$$libinit$$00000000) refers (Special) to libinit2.o(.ARM.Collect$$libinit$$0000000C) for __rt_lib_init_user_alloc_1
    libspace.o(.text) refers to libspace.o(.bss) for __libspace_start
    rtexit.o(.ARM.Collect$$rtexit$$00000000) refers (Special) to rtexit2.o(.ARM.Collect$$rtexit$$00000004) for __rt_exit_exit
    rtexit.o(.ARM.Collect$$rtexit$$00000000) refers (Special) to rtexit2.o(.ARM.Collect$$rtexit$$00000003) for __rt_exit_ls
    rtexit.o(.ARM.Collect$$rtexit$$00000000) refers (Special) to rtexit2.o(.ARM.Collect$$rtexit$$00000002) for __rt_exit_prels_1
    rtexit.o(.ARM.exidx) refers (Special) to rtexit2.o(.ARM.Collect$$rtexit$$00000004) for __rt_exit_exit
    rtexit.o(.ARM.exidx) refers (Special) to rtexit2.o(.ARM.Collect$$rtexit$$00000003) for __rt_exit_ls
    rtexit.o(.ARM.exidx) refers (Special) to rtexit2.o(.ARM.Collect$$rtexit$$00000002) for __rt_exit_prels_1
    rtexit.o(.ARM.exidx) refers to rtexit.o(.ARM.Collect$$rtexit$$00000000) for .ARM.Collect$$rtexit$$00000000
    libinit2.o(.ARM.Collect$$libinit$$00000010) refers to libinit2.o(.ARM.Collect$$libinit$$0000000F) for .ARM.Collect$$libinit$$0000000F
    libinit2.o(.ARM.Collect$$libinit$$00000012) refers to libinit2.o(.ARM.Collect$$libinit$$0000000F) for .ARM.Collect$$libinit$$0000000F
    libinit2.o(.ARM.Collect$$libinit$$00000014) refers to libinit2.o(.ARM.Collect$$libinit$$0000000F) for .ARM.Collect$$libinit$$0000000F
    libinit2.o(.ARM.Collect$$libinit$$00000016) refers to libinit2.o(.ARM.Collect$$libinit$$0000000F) for .ARM.Collect$$libinit$$0000000F
    libinit2.o(.ARM.Collect$$libinit$$00000018) refers to libinit2.o(.ARM.Collect$$libinit$$0000000F) for .ARM.Collect$$libinit$$0000000F
    libinit2.o(.ARM.Collect$$libinit$$00000026) refers to argv_veneer.o(.emb_text) for __ARM_argv_veneer
    libinit2.o(.ARM.Collect$$libinit$$00000027) refers to argv_veneer.o(.emb_text) for __ARM_argv_veneer
    rtexit2.o(.ARM.Collect$$rtexit$$00000003) refers to libshutdown.o(.ARM.Collect$$libshutdown$$00000000) for __rt_lib_shutdown
    rtexit2.o(.ARM.Collect$$rtexit$$00000004) refers to sys_exit.o(.text) for _sys_exit
    rtexit2.o(.ARM.exidx) refers to rtexit2.o(.ARM.Collect$$rtexit$$00000001) for .ARM.Collect$$rtexit$$00000001
    rtexit2.o(.ARM.exidx) refers to rtexit2.o(.ARM.Collect$$rtexit$$00000003) for .ARM.Collect$$rtexit$$00000003
    rtexit2.o(.ARM.exidx) refers to rtexit2.o(.ARM.Collect$$rtexit$$00000004) for .ARM.Collect$$rtexit$$00000004
    argv_veneer.o(.emb_text) refers to no_argv.o(.text) for __ARM_get_argv
    sys_exit.o(.text) refers (Special) to use_no_semi.o(.text) for __I$use$semihosting
    sys_exit.o(.text) refers (Special) to indicate_semi.o(.text) for __semihosting_library_function
    _get_argv_nomalloc.o(.text) refers (Special) to hrguard.o(.text) for __heap_region$guard
    _get_argv_nomalloc.o(.text) refers to defsig_rtmem_outer.o(.text) for __rt_SIGRTMEM
    _get_argv_nomalloc.o(.text) refers to sys_command.o(.text) for _sys_command_string
    libshutdown.o(.ARM.Collect$$libshutdown$$00000000) refers (Special) to libshutdown2.o(.ARM.Collect$$libshutdown$$00000002) for __rt_lib_shutdown_cpp_1
    libshutdown.o(.ARM.Collect$$libshutdown$$00000000) refers (Special) to libshutdown2.o(.ARM.Collect$$libshutdown$$00000007) for __rt_lib_shutdown_fp_trap_1
    libshutdown.o(.ARM.Collect$$libshutdown$$00000000) refers (Special) to libshutdown2.o(.ARM.Collect$$libshutdown$$0000000F) for __rt_lib_shutdown_heap_1
    libshutdown.o(.ARM.Collect$$libshutdown$$00000000) refers (Special) to libshutdown2.o(.ARM.Collect$$libshutdown$$00000010) for __rt_lib_shutdown_return
    libshutdown.o(.ARM.Collect$$libshutdown$$00000000) refers (Special) to libshutdown2.o(.ARM.Collect$$libshutdown$$0000000A) for __rt_lib_shutdown_signal_1
    libshutdown.o(.ARM.Collect$$libshutdown$$00000000) refers (Special) to libshutdown2.o(.ARM.Collect$$libshutdown$$00000004) for __rt_lib_shutdown_stdio_1
    libshutdown.o(.ARM.Collect$$libshutdown$$00000000) refers (Special) to libshutdown2.o(.ARM.Collect$$libshutdown$$0000000C) for __rt_lib_shutdown_user_alloc_1
    sys_command.o(.text) refers (Special) to use_no_semi.o(.text) for __I$use$semihosting
    sys_command.o(.text) refers (Special) to indicate_semi.o(.text) for __semihosting_library_function
    defsig_rtmem_outer.o(.text) refers to defsig_rtmem_inner.o(.text) for __rt_SIGRTMEM_inner
    defsig_rtmem_outer.o(.text) refers to defsig_exit.o(.text) for __sig_exit
    defsig_rtmem_formal.o(.text) refers to rt_raise.o(.text) for __rt_raise
    rt_raise.o(.text) refers to __raise.o(.text) for __raise
    rt_raise.o(.text) refers to sys_exit.o(.text) for _sys_exit
    defsig_exit.o(.text) refers to sys_exit.o(.text) for _sys_exit
    defsig_rtmem_inner.o(.text) refers to defsig_general.o(.text) for __default_signal_display
    __raise.o(.text) refers to defsig.o(CL$$defsig) for __default_signal_handler
    defsig_general.o(.text) refers to sys_wrch.o(.text) for _ttywrch
    sys_wrch.o(.text) refers (Special) to use_no_semi.o(.text) for __I$use$semihosting
    sys_wrch.o(.text) refers (Special) to indicate_semi.o(.text) for __semihosting_library_function
    defsig.o(CL$$defsig) refers to defsig_rtmem_inner.o(.text) for __rt_SIGRTMEM_inner
    defsig_abrt_inner.o(.text) refers to defsig_general.o(.text) for __default_signal_display
    defsig_fpe_inner.o(.text) refers to defsig_general.o(.text) for __default_signal_display
    defsig_rtred_inner.o(.text) refers to defsig_general.o(.text) for __default_signal_display
    defsig_stak_inner.o(.text) refers to defsig_general.o(.text) for __default_signal_display
    defsig_pvfn_inner.o(.text) refers to defsig_general.o(.text) for __default_signal_display
    defsig_cppl_inner.o(.text) refers to defsig_general.o(.text) for __default_signal_display
    defsig_segv_inner.o(.text) refers to defsig_general.o(.text) for __default_signal_display
    defsig_other.o(.text) refers to defsig_general.o(.text) for __default_signal_display


==============================================================================

Removing Unused input sections from the image.

    Removing main.o(.rev16_text), (4 bytes).
    Removing main.o(.revsh_text), (4 bytes).
    Removing main.o(.rrx_text), (6 bytes).
    Removing main.o(.data), (4 bytes).
    Removing event_groups.o(i.prvTestWaitCondition), (20 bytes).
    Removing event_groups.o(i.vEventGroupClearBitsCallback), (4 bytes).
    Removing event_groups.o(i.vEventGroupDelete), (44 bytes).
    Removing event_groups.o(i.vEventGroupSetBitsCallback), (4 bytes).
    Removing event_groups.o(i.xEventGroupClearBits), (26 bytes).
    Removing event_groups.o(i.xEventGroupCreate), (26 bytes).
    Removing event_groups.o(i.xEventGroupGetBitsFromISR), (26 bytes).
    Removing event_groups.o(i.xEventGroupSetBits), (100 bytes).
    Removing event_groups.o(i.xEventGroupSync), (140 bytes).
    Removing event_groups.o(i.xEventGroupWaitBits), (176 bytes).
    Removing queue.o(i.prvCopyDataFromQueue), (38 bytes).
    Removing queue.o(i.prvCopyDataToQueue), (90 bytes).
    Removing queue.o(i.prvIsQueueEmpty), (28 bytes).
    Removing queue.o(i.prvUnlockQueue), (106 bytes).
    Removing queue.o(i.uxQueueMessagesWaiting), (18 bytes).
    Removing queue.o(i.uxQueueMessagesWaitingFromISR), (4 bytes).
    Removing queue.o(i.uxQueueSpacesAvailable), (22 bytes).
    Removing queue.o(i.vQueueDelete), (4 bytes).
    Removing queue.o(i.xQueueGenericCreate), (54 bytes).
    Removing queue.o(i.xQueueGenericReceive), (264 bytes).
    Removing queue.o(i.xQueueGenericReset), (116 bytes).
    Removing queue.o(i.xQueueGenericSend), (248 bytes).
    Removing queue.o(i.xQueueGenericSendFromISR), (102 bytes).
    Removing queue.o(i.xQueueGiveFromISR), (86 bytes).
    Removing queue.o(i.xQueueIsQueueEmptyFromISR), (12 bytes).
    Removing queue.o(i.xQueueIsQueueFullFromISR), (16 bytes).
    Removing queue.o(i.xQueuePeekFromISR), (44 bytes).
    Removing queue.o(i.xQueueReceiveFromISR), (100 bytes).
    Removing tasks.o(i.pcTaskGetName), (16 bytes).
    Removing tasks.o(i.prvTaskIsTaskSuspended), (32 bytes).
    Removing tasks.o(i.ulTaskNotifyTake), (104 bytes).
    Removing tasks.o(i.uxTaskGetNumberOfTasks), (12 bytes).
    Removing tasks.o(i.uxTaskPriorityGet), (28 bytes).
    Removing tasks.o(i.uxTaskPriorityGetFromISR), (36 bytes).
    Removing tasks.o(i.uxTaskResetEventItemValue), (24 bytes).
    Removing tasks.o(i.vTaskDelayUntil), (84 bytes).
    Removing tasks.o(i.vTaskDelete), (152 bytes).
    Removing tasks.o(i.vTaskEndScheduler), (28 bytes).
    Removing tasks.o(i.vTaskMissedYield), (12 bytes).
    Removing tasks.o(i.vTaskNotifyGiveFromISR), (144 bytes).
    Removing tasks.o(i.vTaskPlaceOnEventList), (32 bytes).
    Removing tasks.o(i.vTaskPlaceOnUnorderedEventList), (44 bytes).
    Removing tasks.o(i.vTaskPrioritySet), (172 bytes).
    Removing tasks.o(i.vTaskResume), (108 bytes).
    Removing tasks.o(i.vTaskSetTimeOutState), (16 bytes).
    Removing tasks.o(i.vTaskSuspend), (156 bytes).
    Removing tasks.o(i.xTaskCheckForTimeOut), (72 bytes).
    Removing tasks.o(i.xTaskGenericNotify), (164 bytes).
    Removing tasks.o(i.xTaskGenericNotifyFromISR), (188 bytes).
    Removing tasks.o(i.xTaskGetTickCount), (12 bytes).
    Removing tasks.o(i.xTaskGetTickCountFromISR), (12 bytes).
    Removing tasks.o(i.xTaskNotifyStateClear), (52 bytes).
    Removing tasks.o(i.xTaskNotifyWait), (140 bytes).
    Removing tasks.o(i.xTaskRemoveFromEventList), (100 bytes).
    Removing tasks.o(i.xTaskRemoveFromUnorderedEventList), (80 bytes).
    Removing tasks.o(i.xTaskResumeFromISR), (116 bytes).
    Removing heap_2.o(i.vPortInitialiseBlocks), (2 bytes).
    Removing heap_2.o(i.xPortGetFreeHeapSize), (12 bytes).
    Removing port.o(i.vPortEndScheduler), (2 bytes).
    Removing lcd.o(.rev16_text), (4 bytes).
    Removing lcd.o(.revsh_text), (4 bytes).
    Removing lcd.o(.rrx_text), (6 bytes).
    Removing lcd.o(i.LCD_clear), (36 bytes).
    Removing lcd.o(i.displayCursor), (60 bytes).
    Removing lcd.o(i.fill), (80 bytes).
    Removing lcd.o(i.filldown), (62 bytes).
    Removing lcd.o(i.fillsegment), (56 bytes).
    Removing lcd.o(i.fillup), (64 bytes).
    Removing lcd.o(i.line), (266 bytes).
    Removing lcd.o(i.pixel), (46 bytes).
    Removing lcd.o(i.px_vline), (42 bytes).
    Removing lcd.o(i.setPixel), (40 bytes).
    Removing lcd.o(i.space), (36 bytes).
    Removing lcd.o(i.vline), (36 bytes).
    Removing lcd.o(.data), (2 bytes).
    Removing lcd.o(.data), (2 bytes).
    Removing system_stm32f10x.o(.rev16_text), (4 bytes).
    Removing system_stm32f10x.o(.revsh_text), (4 bytes).
    Removing system_stm32f10x.o(.rrx_text), (6 bytes).
    Removing system_stm32f10x.o(i.SystemCoreClockUpdate), (100 bytes).
    Removing system_stm32f10x.o(.data), (20 bytes).

85 unused section(s) (total 5064 bytes) removed from the image.

==============================================================================

Image Symbol Table

    Local Symbols

    Symbol Name                              Value     Ov Type        Size  Object(Section)

    ../clib/angel/boardlib.s                 0x00000000   Number         0  boardinit1.o ABSOLUTE
    ../clib/angel/boardlib.s                 0x00000000   Number         0  boardinit2.o ABSOLUTE
    ../clib/angel/boardlib.s                 0x00000000   Number         0  boardinit3.o ABSOLUTE
    ../clib/angel/boardlib.s                 0x00000000   Number         0  boardshut.o ABSOLUTE
    ../clib/angel/handlers.s                 0x00000000   Number         0  __scatter_zi.o ABSOLUTE
    ../clib/angel/handlers.s                 0x00000000   Number         0  __scatter_copy.o ABSOLUTE
    ../clib/angel/kernel.s                   0x00000000   Number         0  rtexit.o ABSOLUTE
    ../clib/angel/kernel.s                   0x00000000   Number         0  __rtentry.o ABSOLUTE
    ../clib/angel/kernel.s                   0x00000000   Number         0  __rtentry2.o ABSOLUTE
    ../clib/angel/kernel.s                   0x00000000   Number         0  rtexit2.o ABSOLUTE
    ../clib/angel/kernel.s                   0x00000000   Number         0  __rtentry4.o ABSOLUTE
    ../clib/angel/rt.s                       0x00000000   Number         0  rt_raise.o ABSOLUTE
    ../clib/angel/scatter.s                  0x00000000   Number         0  __scatter.o ABSOLUTE
    ../clib/angel/startup.s                  0x00000000   Number         0  __main.o ABSOLUTE
    ../clib/angel/sys.s                      0x00000000   Number         0  libspace.o ABSOLUTE
    ../clib/angel/sys.s                      0x00000000   Number         0  sys_stackheap_outer.o ABSOLUTE
    ../clib/angel/sys.s                      0x00000000   Number         0  use_no_semi.o ABSOLUTE
    ../clib/angel/sys.s                      0x00000000   Number         0  indicate_semi.o ABSOLUTE
    ../clib/angel/sysapp.c                   0x00000000   Number         0  sys_exit.o ABSOLUTE
    ../clib/angel/sysapp.c                   0x00000000   Number         0  sys_command.o ABSOLUTE
    ../clib/angel/sysapp.c                   0x00000000   Number         0  sys_wrch.o ABSOLUTE
    ../clib/armsys.c                         0x00000000   Number         0  argv_veneer.o ABSOLUTE
    ../clib/armsys.c                         0x00000000   Number         0  argv_veneer.o ABSOLUTE
    ../clib/armsys.c                         0x00000000   Number         0  no_argv.o ABSOLUTE
    ../clib/armsys.c                         0x00000000   Number         0  _get_argv_nomalloc.o ABSOLUTE
    ../clib/heapalloc.c                      0x00000000   Number         0  hrguard.o ABSOLUTE
    ../clib/heapaux.c                        0x00000000   Number         0  heapauxi.o ABSOLUTE
    ../clib/libinit.s                        0x00000000   Number         0  libinit2.o ABSOLUTE
    ../clib/libinit.s                        0x00000000   Number         0  libshutdown2.o ABSOLUTE
    ../clib/libinit.s                        0x00000000   Number         0  libshutdown.o ABSOLUTE
    ../clib/libinit.s                        0x00000000   Number         0  libinit.o ABSOLUTE
    ../clib/memcpset.s                       0x00000000   Number         0  rt_memmove_w.o ABSOLUTE
    ../clib/memcpset.s                       0x00000000   Number         0  rt_memclr_w.o ABSOLUTE
    ../clib/memcpset.s                       0x00000000   Number         0  rt_memcpy_w.o ABSOLUTE
    ../clib/memcpset.s                       0x00000000   Number         0  rt_memcpy_v6.o ABSOLUTE
    ../clib/memcpset.s                       0x00000000   Number         0  rt_memmove_v6.o ABSOLUTE
    ../clib/memcpset.s                       0x00000000   Number         0  aeabi_memset.o ABSOLUTE
    ../clib/memcpset.s                       0x00000000   Number         0  rt_memclr.o ABSOLUTE
    ../clib/signal.c                         0x00000000   Number         0  defsig_general.o ABSOLUTE
    ../clib/signal.c                         0x00000000   Number         0  defsig_other.o ABSOLUTE
    ../clib/signal.c                         0x00000000   Number         0  defsig_exit.o ABSOLUTE
    ../clib/signal.c                         0x00000000   Number         0  defsig_cppl_inner.o ABSOLUTE
    ../clib/signal.c                         0x00000000   Number         0  defsig_pvfn_inner.o ABSOLUTE
    ../clib/signal.c                         0x00000000   Number         0  defsig_stak_inner.o ABSOLUTE
    ../clib/signal.c                         0x00000000   Number         0  defsig_rtred_inner.o ABSOLUTE
    ../clib/signal.c                         0x00000000   Number         0  defsig_rtmem_outer.o ABSOLUTE
    ../clib/signal.c                         0x00000000   Number         0  defsig_rtmem_inner.o ABSOLUTE
    ../clib/signal.c                         0x00000000   Number         0  defsig_fpe_inner.o ABSOLUTE
    ../clib/signal.c                         0x00000000   Number         0  defsig_abrt_inner.o ABSOLUTE
    ../clib/signal.c                         0x00000000   Number         0  defsig_rtmem_formal.o ABSOLUTE
    ../clib/signal.c                         0x00000000   Number         0  defsig_segv_inner.o ABSOLUTE
    ../clib/signal.c                         0x00000000   Number         0  __raise.o ABSOLUTE
    ../clib/signal.s                         0x00000000   Number         0  defsig.o ABSOLUTE
    ../clib/stdlib.c                         0x00000000   Number         0  exit.o ABSOLUTE
    ../fplib/fdiv.s                          0x00000000   Number         0  fdiv.o ABSOLUTE
    ../fplib/fflt.s                          0x00000000   Number         0  fflt_clz.o ABSOLUTE
    ../fplib/fnaninf.s                       0x00000000   Number         0  fnaninf.o ABSOLUTE
    ../fplib/fpinit.s                        0x00000000   Number         0  fpinit.o ABSOLUTE
    ../fplib/fretinf.s                       0x00000000   Number         0  fretinf.o ABSOLUTE
    ../fplib/usenofp.s                       0x00000000   Number         0  usenofp.o ABSOLUTE
    RTE\Device\STM32F103C8\startup_stm32f10x_md.s 0x00000000   Number         0  startup_stm32f10x_md.o ABSOLUTE
    RTE\Device\STM32F103C8\system_stm32f10x.c 0x00000000   Number         0  system_stm32f10x.o ABSOLUTE
    RTE\\Device\\STM32F103C8\\system_stm32f10x.c 0x00000000   Number         0  system_stm32f10x.o ABSOLUTE
    Source\ARM_CM3\port.c                    0x00000000   Number         0  port.o ABSOLUTE
    Source\MemMang\heap_2.c                  0x00000000   Number         0  heap_2.o ABSOLUTE
    Source\\ARM_CM3\\port.c                  0x00000000   Number         0  port.o ABSOLUTE
    Source\croutine.c                        0x00000000   Number         0  croutine.o ABSOLUTE
    Source\event_groups.c                    0x00000000   Number         0  event_groups.o ABSOLUTE
    Source\list.c                            0x00000000   Number         0  list.o ABSOLUTE
    Source\queue.c                           0x00000000   Number         0  queue.o ABSOLUTE
    Source\tasks.c                           0x00000000   Number         0  tasks.o ABSOLUTE
    Source\timers.c                          0x00000000   Number         0  timers.o ABSOLUTE
    dc.s                                     0x00000000   Number         0  dc.o ABSOLUTE
    ds.c                                     0x00000000   Number         0  ds.o ABSOLUTE
    lcd.c                                    0x00000000   Number         0  lcd.o ABSOLUTE
    lcd.c                                    0x00000000   Number         0  lcd.o ABSOLUTE
    main.c                                   0x00000000   Number         0  main.o ABSOLUTE
    main.c                                   0x00000000   Number         0  main.o ABSOLUTE
    RESET                                    0x08000000   Section      236  startup_stm32f10x_md.o(RESET)
    !!!main                                  0x080000ec   Section        8  __main.o(!!!main)
    !!!scatter                               0x080000f4   Section       52  __scatter.o(!!!scatter)
    !!handler_copy                           0x08000128   Section       26  __scatter_copy.o(!!handler_copy)
    !!handler_zi                             0x08000144   Section       28  __scatter_zi.o(!!handler_zi)
    .ARM.Collect$$libinit$$00000000          0x08000160   Section        2  libinit.o(.ARM.Collect$$libinit$$00000000)
    .ARM.Collect$$libinit$$00000002          0x08000162   Section        0  libinit2.o(.ARM.Collect$$libinit$$00000002)
    .ARM.Collect$$libinit$$00000004          0x08000162   Section        0  libinit2.o(.ARM.Collect$$libinit$$00000004)
    .ARM.Collect$$libinit$$0000000A          0x08000162   Section        0  libinit2.o(.ARM.Collect$$libinit$$0000000A)
    .ARM.Collect$$libinit$$0000000C          0x08000162   Section        0  libinit2.o(.ARM.Collect$$libinit$$0000000C)
    .ARM.Collect$$libinit$$0000000E          0x08000162   Section        0  libinit2.o(.ARM.Collect$$libinit$$0000000E)
    .ARM.Collect$$libinit$$00000011          0x08000162   Section        0  libinit2.o(.ARM.Collect$$libinit$$00000011)
    .ARM.Collect$$libinit$$00000013          0x08000162   Section        0  libinit2.o(.ARM.Collect$$libinit$$00000013)
    .ARM.Collect$$libinit$$00000015          0x08000162   Section        0  libinit2.o(.ARM.Collect$$libinit$$00000015)
    .ARM.Collect$$libinit$$00000017          0x08000162   Section        0  libinit2.o(.ARM.Collect$$libinit$$00000017)
    .ARM.Collect$$libinit$$00000019          0x08000162   Section        0  libinit2.o(.ARM.Collect$$libinit$$00000019)
    .ARM.Collect$$libinit$$0000001B          0x08000162   Section        0  libinit2.o(.ARM.Collect$$libinit$$0000001B)
    .ARM.Collect$$libinit$$0000001D          0x08000162   Section        0  libinit2.o(.ARM.Collect$$libinit$$0000001D)
    .ARM.Collect$$libinit$$0000001F          0x08000162   Section        0  libinit2.o(.ARM.Collect$$libinit$$0000001F)
    .ARM.Collect$$libinit$$00000021          0x08000162   Section        0  libinit2.o(.ARM.Collect$$libinit$$00000021)
    .ARM.Collect$$libinit$$00000023          0x08000162   Section        0  libinit2.o(.ARM.Collect$$libinit$$00000023)
    .ARM.Collect$$libinit$$00000025          0x08000162   Section        0  libinit2.o(.ARM.Collect$$libinit$$00000025)
    .ARM.Collect$$libinit$$0000002C          0x08000162   Section        0  libinit2.o(.ARM.Collect$$libinit$$0000002C)
    .ARM.Collect$$libinit$$0000002E          0x08000162   Section        0  libinit2.o(.ARM.Collect$$libinit$$0000002E)
    .ARM.Collect$$libinit$$00000030          0x08000162   Section        0  libinit2.o(.ARM.Collect$$libinit$$00000030)
    .ARM.Collect$$libinit$$00000032          0x08000162   Section        0  libinit2.o(.ARM.Collect$$libinit$$00000032)
    .ARM.Collect$$libinit$$00000033          0x08000162   Section        2  libinit2.o(.ARM.Collect$$libinit$$00000033)
    .ARM.Collect$$libshutdown$$00000000      0x08000164   Section        2  libshutdown.o(.ARM.Collect$$libshutdown$$00000000)
    .ARM.Collect$$libshutdown$$00000002      0x08000166   Section        0  libshutdown2.o(.ARM.Collect$$libshutdown$$00000002)
    .ARM.Collect$$libshutdown$$00000004      0x08000166   Section        0  libshutdown2.o(.ARM.Collect$$libshutdown$$00000004)
    .ARM.Collect$$libshutdown$$00000007      0x08000166   Section        0  libshutdown2.o(.ARM.Collect$$libshutdown$$00000007)
    .ARM.Collect$$libshutdown$$0000000A      0x08000166   Section        0  libshutdown2.o(.ARM.Collect$$libshutdown$$0000000A)
    .ARM.Collect$$libshutdown$$0000000C      0x08000166   Section        0  libshutdown2.o(.ARM.Collect$$libshutdown$$0000000C)
    .ARM.Collect$$libshutdown$$0000000F      0x08000166   Section        0  libshutdown2.o(.ARM.Collect$$libshutdown$$0000000F)
    .ARM.Collect$$libshutdown$$00000010      0x08000166   Section        2  libshutdown2.o(.ARM.Collect$$libshutdown$$00000010)
    .ARM.Collect$$rtentry$$00000000          0x08000168   Section        0  __rtentry.o(.ARM.Collect$$rtentry$$00000000)
    .ARM.Collect$$rtentry$$00000002          0x08000168   Section        0  __rtentry2.o(.ARM.Collect$$rtentry$$00000002)
    .ARM.Collect$$rtentry$$00000004          0x08000168   Section        6  __rtentry4.o(.ARM.Collect$$rtentry$$00000004)
    .ARM.Collect$$rtentry$$00000009          0x0800016e   Section        0  __rtentry2.o(.ARM.Collect$$rtentry$$00000009)
    .ARM.Collect$$rtentry$$0000000A          0x0800016e   Section        4  __rtentry2.o(.ARM.Collect$$rtentry$$0000000A)
    .ARM.Collect$$rtentry$$0000000C          0x08000172   Section        0  __rtentry2.o(.ARM.Collect$$rtentry$$0000000C)
    .ARM.Collect$$rtentry$$0000000D          0x08000172   Section        8  __rtentry2.o(.ARM.Collect$$rtentry$$0000000D)
    .ARM.Collect$$rtexit$$00000000           0x0800017a   Section        2  rtexit.o(.ARM.Collect$$rtexit$$00000000)
    .ARM.Collect$$rtexit$$00000002           0x0800017c   Section        0  rtexit2.o(.ARM.Collect$$rtexit$$00000002)
    .ARM.Collect$$rtexit$$00000003           0x0800017c   Section        4  rtexit2.o(.ARM.Collect$$rtexit$$00000003)
    .ARM.Collect$$rtexit$$00000004           0x08000180   Section        6  rtexit2.o(.ARM.Collect$$rtexit$$00000004)
    .emb_text                                0x08000188   Section      150  port.o(.emb_text)
    .text                                    0x08000220   Section       64  startup_stm32f10x_md.o(.text)
    .text                                    0x08000260   Section      138  rt_memcpy_v6.o(.text)
    .text                                    0x080002ea   Section      132  rt_memmove_v6.o(.text)
    .text                                    0x0800036e   Section       16  aeabi_memset.o(.text)
    .text                                    0x0800037e   Section       68  rt_memclr.o(.text)
    .text                                    0x080003c2   Section        0  heapauxi.o(.text)
    .text                                    0x080003c8   Section      100  rt_memcpy_w.o(.text)
    .text                                    0x0800042c   Section      122  rt_memmove_w.o(.text)
    .text                                    0x080004a6   Section       78  rt_memclr_w.o(.text)
    .text                                    0x080004f4   Section       74  sys_stackheap_outer.o(.text)
    .text                                    0x0800053e   Section        0  exit.o(.text)
    .text                                    0x08000550   Section        8  libspace.o(.text)
    .text                                    0x08000558   Section        0  sys_exit.o(.text)
    .text                                    0x08000564   Section        2  use_no_semi.o(.text)
    .text                                    0x08000566   Section        0  indicate_semi.o(.text)
    i.CLK_init                               0x08000568   Section        0  main.o(i.CLK_init)
    i.GPIO_init                              0x08000598   Section        0  main.o(i.GPIO_init)
    i.LCD_cmd                                0x08000614   Section        0  lcd.o(i.LCD_cmd)
    i.LCD_data                               0x08000630   Section        0  lcd.o(i.LCD_data)
    i.LCD_init                               0x0800064c   Section        0  lcd.o(i.LCD_init)
    i.RCC_init                               0x0800067c   Section        0  main.o(i.RCC_init)
    i.SPI_init                               0x080006bc   Section        0  main.o(i.SPI_init)
    i.SetSysClockTo72                        0x080006fc   Section        0  system_stm32f10x.o(i.SetSysClockTo72)
    SetSysClockTo72                          0x080006fd   Thumb Code   160  system_stm32f10x.o(i.SetSysClockTo72)
    i.SysTick_Handler                        0x080007a4   Section        0  port.o(i.SysTick_Handler)
    i.SystemInit                             0x080007d0   Section        0  system_stm32f10x.o(i.SystemInit)
    i.character                              0x08000820   Section        0  lcd.o(i.character)
    i.clearLCD                               0x08000868   Section        0  lcd.o(i.clearLCD)
    i.delay                                  0x080008a0   Section        0  main.o(i.delay)
    i.display                                0x080008b0   Section        0  lcd.o(i.display)
    i.fillLCD                                0x080008dc   Section        0  lcd.o(i.fillLCD)
    i.lshift                                 0x08000914   Section        0  ds.o(i.lshift)
    i.main                                   0x08000940   Section        0  main.o(i.main)
    i.newLine                                0x080009e8   Section        0  lcd.o(i.newLine)
    i.prvAddCurrentTaskToDelayedList         0x08000a0c   Section        0  tasks.o(i.prvAddCurrentTaskToDelayedList)
    prvAddCurrentTaskToDelayedList           0x08000a0d   Thumb Code   102  tasks.o(i.prvAddCurrentTaskToDelayedList)
    i.prvAddNewTaskToReadyList               0x08000a7c   Section        0  tasks.o(i.prvAddNewTaskToReadyList)
    prvAddNewTaskToReadyList                 0x08000a7d   Thumb Code   194  tasks.o(i.prvAddNewTaskToReadyList)
    i.prvCheckTasksWaitingTermination        0x08000b4c   Section        0  tasks.o(i.prvCheckTasksWaitingTermination)
    prvCheckTasksWaitingTermination          0x08000b4d   Thumb Code    70  tasks.o(i.prvCheckTasksWaitingTermination)
    i.prvDeleteTCB                           0x08000b9c   Section        0  tasks.o(i.prvDeleteTCB)
    prvDeleteTCB                             0x08000b9d   Thumb Code    20  tasks.o(i.prvDeleteTCB)
    i.prvIdleTask                            0x08000bb0   Section        0  tasks.o(i.prvIdleTask)
    prvIdleTask                              0x08000bb1   Thumb Code    34  tasks.o(i.prvIdleTask)
    i.prvInitialiseNewTask                   0x08000bdc   Section        0  tasks.o(i.prvInitialiseNewTask)
    prvInitialiseNewTask                     0x08000bdd   Thumb Code   120  tasks.o(i.prvInitialiseNewTask)
    i.prvResetNextTaskUnblockTime            0x08000c54   Section        0  tasks.o(i.prvResetNextTaskUnblockTime)
    prvResetNextTaskUnblockTime              0x08000c55   Thumb Code    26  tasks.o(i.prvResetNextTaskUnblockTime)
    i.prvTaskExitError                       0x08000c74   Section        0  port.o(i.prvTaskExitError)
    prvTaskExitError                         0x08000c75   Thumb Code    16  port.o(i.prvTaskExitError)
    i.pvPortMalloc                           0x08000c84   Section        0  heap_2.o(i.pvPortMalloc)
    i.pxPortInitialiseStack                  0x08000d38   Section        0  port.o(i.pxPortInitialiseStack)
    i.setX                                   0x08000d5c   Section        0  lcd.o(i.setX)
    i.setY                                   0x08000d72   Section        0  lcd.o(i.setY)
    i.uxListRemove                           0x08000d88   Section        0  list.o(i.uxListRemove)
    i.vApplicationIdleHook                   0x08000dac   Section        0  main.o(i.vApplicationIdleHook)
    i.vListInitialise                        0x08000de0   Section        0  list.o(i.vListInitialise)
    i.vListInitialiseItem                    0x08000df6   Section        0  list.o(i.vListInitialiseItem)
    i.vListInsert                            0x08000dfc   Section        0  list.o(i.vListInsert)
    i.vListInsertEnd                         0x08000e2c   Section        0  list.o(i.vListInsertEnd)
    i.vPortEnterCritical                     0x08000e44   Section        0  port.o(i.vPortEnterCritical)
    i.vPortExitCritical                      0x08000e60   Section        0  port.o(i.vPortExitCritical)
    i.vPortFree                              0x08000e74   Section        0  heap_2.o(i.vPortFree)
    i.vPortSetupTimerInterrupt               0x08000eb0   Section        0  port.o(i.vPortSetupTimerInterrupt)
    i.vTask1                                 0x08000ec4   Section        0  main.o(i.vTask1)
    i.vTask2                                 0x08000ee4   Section        0  main.o(i.vTask2)
    i.vTaskDelay                             0x08000f04   Section        0  tasks.o(i.vTaskDelay)
    i.vTaskStartScheduler                    0x08000f34   Section        0  tasks.o(i.vTaskStartScheduler)
    i.vTaskSuspendAll                        0x08000f88   Section        0  tasks.o(i.vTaskSuspendAll)
    i.vTaskSwitchContext                     0x08000f98   Section        0  tasks.o(i.vTaskSwitchContext)
    i.wait                                   0x08000fdc   Section        0  main.o(i.wait)
    i.write                                  0x08000fec   Section        0  lcd.o(i.write)
    i.xPortStartScheduler                    0x08001044   Section        0  port.o(i.xPortStartScheduler)
    i.xTaskCreate                            0x08001074   Section        0  tasks.o(i.xTaskCreate)
    i.xTaskIncrementTick                     0x080010cc   Section        0  tasks.o(i.xTaskIncrementTick)
    i.xTaskResumeAll                         0x08001180   Section        0  tasks.o(i.xTaskResumeAll)
    .constdata                               0x08001234   Section      800  lcd.o(.constdata)
    FontLookup                               0x08001234   Data         800  lcd.o(.constdata)
    .data                                    0x20000000   Section        4  main.o(.data)
    .data                                    0x20000004   Section       60  tasks.o(.data)
    uxDeletedTasksWaitingCleanUp             0x20000008   Data           4  tasks.o(.data)
    uxCurrentNumberOfTasks                   0x2000000c   Data           4  tasks.o(.data)
    xTickCount                               0x20000010   Data           4  tasks.o(.data)
    uxTopReadyPriority                       0x20000014   Data           4  tasks.o(.data)
    xSchedulerRunning                        0x20000018   Data           4  tasks.o(.data)
    uxPendedTicks                            0x2000001c   Data           4  tasks.o(.data)
    xYieldPending                            0x20000020   Data           4  tasks.o(.data)
    xNumOfOverflows                          0x20000024   Data           4  tasks.o(.data)
    uxTaskNumber                             0x20000028   Data           4  tasks.o(.data)
    xNextTaskUnblockTime                     0x2000002c   Data           4  tasks.o(.data)
    xIdleTaskHandle                          0x20000030   Data           4  tasks.o(.data)
    uxSchedulerSuspended                     0x20000034   Data           4  tasks.o(.data)
    pxDelayedTaskList                        0x20000038   Data           4  tasks.o(.data)
    pxOverflowDelayedTaskList                0x2000003c   Data           4  tasks.o(.data)
    .data                                    0x20000040   Section       24  heap_2.o(.data)
    xFreeBytesRemaining                      0x20000040   Data           4  heap_2.o(.data)
    xHeapHasBeenInitialised                  0x20000044   Data           4  heap_2.o(.data)
    xStart                                   0x20000048   Data           8  heap_2.o(.data)
    xEnd                                     0x20000050   Data           8  heap_2.o(.data)
    .data                                    0x20000058   Section        4  port.o(.data)
    uxCriticalNesting                        0x20000058   Data           4  port.o(.data)
    .data                                    0x2000005c   Section        2  lcd.o(.data)
    .bss                                     0x20000060   Section      200  tasks.o(.bss)
    pxReadyTasksLists                        0x20000060   Data         100  tasks.o(.bss)
    xDelayedTaskList1                        0x200000c4   Data          20  tasks.o(.bss)
    xDelayedTaskList2                        0x200000d8   Data          20  tasks.o(.bss)
    xPendingReadyList                        0x200000ec   Data          20  tasks.o(.bss)
    xTasksWaitingTermination                 0x20000100   Data          20  tasks.o(.bss)
    xSuspendedTaskList                       0x20000114   Data          20  tasks.o(.bss)
    .bss                                     0x20000128   Section    17408  heap_2.o(.bss)
    ucHeap                                   0x20000128   Data       17408  heap_2.o(.bss)
    .bss                                     0x20004528   Section      504  lcd.o(.bss)
    LCD                                      0x20004528   Data         504  lcd.o(.bss)
    .bss                                     0x20004720   Section       96  libspace.o(.bss)
    HEAP                                     0x20004780   Section      512  startup_stm32f10x_md.o(HEAP)
    Heap_Mem                                 0x20004780   Data         512  startup_stm32f10x_md.o(HEAP)
    STACK                                    0x20004980   Section     1024  startup_stm32f10x_md.o(STACK)
    Stack_Mem                                0x20004980   Data        1024  startup_stm32f10x_md.o(STACK)
    __initial_sp                             0x20004d80   Data           0  startup_stm32f10x_md.o(STACK)

    Global Symbols

    Symbol Name                              Value     Ov Type        Size  Object(Section)

    BuildAttributes$$THM_ISAv4$P$D$K$B$S$PE$A:L22UL41UL21$X:L11$S22US41US21$IEEE1$IW$USESV6$~STKCKD$USESV7$~SHL$OSPACE$ROPI$EBA8$UX$STANDARDLIB$REQ8$PRES8$EABIv2 0x00000000   Number         0  anon$$obj.o ABSOLUTE
    __ARM_use_no_argv                        0x00000000   Number         0  main.o ABSOLUTE
    __ARM_exceptions_init                     - Undefined Weak Reference
    __alloca_initialize                       - Undefined Weak Reference
    __arm_preinit_                            - Undefined Weak Reference
    __cpp_initialize__aeabi_                  - Undefined Weak Reference
    __cxa_finalize                            - Undefined Weak Reference
    __rt_locale                               - Undefined Weak Reference
    __sigvec_lookup                           - Undefined Weak Reference
    _atexit_init                              - Undefined Weak Reference
    _call_atexit_fns                          - Undefined Weak Reference
    _clock_init                               - Undefined Weak Reference
    _fp_trap_init                             - Undefined Weak Reference
    _fp_trap_shutdown                         - Undefined Weak Reference
    _get_lc_collate                           - Undefined Weak Reference
    _get_lc_ctype                             - Undefined Weak Reference
    _get_lc_monetary                          - Undefined Weak Reference
    _get_lc_numeric                           - Undefined Weak Reference
    _get_lc_time                              - Undefined Weak Reference
    _getenv_init                              - Undefined Weak Reference
    _handle_redirection                       - Undefined Weak Reference
    _init_alloc                               - Undefined Weak Reference
    _init_user_alloc                          - Undefined Weak Reference
    _initio                                   - Undefined Weak Reference
    _rand_init                                - Undefined Weak Reference
    _signal_finish                            - Undefined Weak Reference
    _signal_init                              - Undefined Weak Reference
    _terminate_alloc                          - Undefined Weak Reference
    _terminate_user_alloc                     - Undefined Weak Reference
    _terminateio                              - Undefined Weak Reference
    __Vectors_Size                           0x000000ec   Number         0  startup_stm32f10x_md.o ABSOLUTE
    __Vectors                                0x08000000   Data           4  startup_stm32f10x_md.o(RESET)
    __Vectors_End                            0x080000ec   Data           0  startup_stm32f10x_md.o(RESET)
    __main                                   0x080000ed   Thumb Code     8  __main.o(!!!main)
    __scatterload                            0x080000f5   Thumb Code     0  __scatter.o(!!!scatter)
    __scatterload_rt2                        0x080000f5   Thumb Code    44  __scatter.o(!!!scatter)
    __scatterload_rt2_thumb_only             0x080000f5   Thumb Code     0  __scatter.o(!!!scatter)
    __scatterload_null                       0x08000103   Thumb Code     0  __scatter.o(!!!scatter)
    __scatterload_copy                       0x08000129   Thumb Code    26  __scatter_copy.o(!!handler_copy)
    __scatterload_zeroinit                   0x08000145   Thumb Code    28  __scatter_zi.o(!!handler_zi)
    __rt_lib_init                            0x08000161   Thumb Code     0  libinit.o(.ARM.Collect$$libinit$$00000000)
    __rt_lib_init_alloca_1                   0x08000163   Thumb Code     0  libinit2.o(.ARM.Collect$$libinit$$0000002E)
    __rt_lib_init_argv_1                     0x08000163   Thumb Code     0  libinit2.o(.ARM.Collect$$libinit$$0000002C)
    __rt_lib_init_atexit_1                   0x08000163   Thumb Code     0  libinit2.o(.ARM.Collect$$libinit$$0000001B)
    __rt_lib_init_clock_1                    0x08000163   Thumb Code     0  libinit2.o(.ARM.Collect$$libinit$$00000021)
    __rt_lib_init_cpp_1                      0x08000163   Thumb Code     0  libinit2.o(.ARM.Collect$$libinit$$00000032)
    __rt_lib_init_exceptions_1               0x08000163   Thumb Code     0  libinit2.o(.ARM.Collect$$libinit$$00000030)
    __rt_lib_init_fp_1                       0x08000163   Thumb Code     0  libinit2.o(.ARM.Collect$$libinit$$00000002)
    __rt_lib_init_fp_trap_1                  0x08000163   Thumb Code     0  libinit2.o(.ARM.Collect$$libinit$$0000001F)
    __rt_lib_init_getenv_1                   0x08000163   Thumb Code     0  libinit2.o(.ARM.Collect$$libinit$$00000023)
    __rt_lib_init_heap_1                     0x08000163   Thumb Code     0  libinit2.o(.ARM.Collect$$libinit$$0000000A)
    __rt_lib_init_lc_collate_1               0x08000163   Thumb Code     0  libinit2.o(.ARM.Collect$$libinit$$00000011)
    __rt_lib_init_lc_ctype_1                 0x08000163   Thumb Code     0  libinit2.o(.ARM.Collect$$libinit$$00000013)
    __rt_lib_init_lc_monetary_1              0x08000163   Thumb Code     0  libinit2.o(.ARM.Collect$$libinit$$00000015)
    __rt_lib_init_lc_numeric_1               0x08000163   Thumb Code     0  libinit2.o(.ARM.Collect$$libinit$$00000017)
    __rt_lib_init_lc_time_1                  0x08000163   Thumb Code     0  libinit2.o(.ARM.Collect$$libinit$$00000019)
    __rt_lib_init_preinit_1                  0x08000163   Thumb Code     0  libinit2.o(.ARM.Collect$$libinit$$00000004)
    __rt_lib_init_rand_1                     0x08000163   Thumb Code     0  libinit2.o(.ARM.Collect$$libinit$$0000000E)
    __rt_lib_init_return                     0x08000163   Thumb Code     0  libinit2.o(.ARM.Collect$$libinit$$00000033)
    __rt_lib_init_signal_1                   0x08000163   Thumb Code     0  libinit2.o(.ARM.Collect$$libinit$$0000001D)
    __rt_lib_init_stdio_1                    0x08000163   Thumb Code     0  libinit2.o(.ARM.Collect$$libinit$$00000025)
    __rt_lib_init_user_alloc_1               0x08000163   Thumb Code     0  libinit2.o(.ARM.Collect$$libinit$$0000000C)
    __rt_lib_shutdown                        0x08000165   Thumb Code     0  libshutdown.o(.ARM.Collect$$libshutdown$$00000000)
    __rt_lib_shutdown_cpp_1                  0x08000167   Thumb Code     0  libshutdown2.o(.ARM.Collect$$libshutdown$$00000002)
    __rt_lib_shutdown_fp_trap_1              0x08000167   Thumb Code     0  libshutdown2.o(.ARM.Collect$$libshutdown$$00000007)
    __rt_lib_shutdown_heap_1                 0x08000167   Thumb Code     0  libshutdown2.o(.ARM.Collect$$libshutdown$$0000000F)
    __rt_lib_shutdown_return                 0x08000167   Thumb Code     0  libshutdown2.o(.ARM.Collect$$libshutdown$$00000010)
    __rt_lib_shutdown_signal_1               0x08000167   Thumb Code     0  libshutdown2.o(.ARM.Collect$$libshutdown$$0000000A)
    __rt_lib_shutdown_stdio_1                0x08000167   Thumb Code     0  libshutdown2.o(.ARM.Collect$$libshutdown$$00000004)
    __rt_lib_shutdown_user_alloc_1           0x08000167   Thumb Code     0  libshutdown2.o(.ARM.Collect$$libshutdown$$0000000C)
    __rt_entry                               0x08000169   Thumb Code     0  __rtentry.o(.ARM.Collect$$rtentry$$00000000)
    __rt_entry_presh_1                       0x08000169   Thumb Code     0  __rtentry2.o(.ARM.Collect$$rtentry$$00000002)
    __rt_entry_sh                            0x08000169   Thumb Code     0  __rtentry4.o(.ARM.Collect$$rtentry$$00000004)
    __rt_entry_li                            0x0800016f   Thumb Code     0  __rtentry2.o(.ARM.Collect$$rtentry$$0000000A)
    __rt_entry_postsh_1                      0x0800016f   Thumb Code     0  __rtentry2.o(.ARM.Collect$$rtentry$$00000009)
    __rt_entry_main                          0x08000173   Thumb Code     0  __rtentry2.o(.ARM.Collect$$rtentry$$0000000D)
    __rt_entry_postli_1                      0x08000173   Thumb Code     0  __rtentry2.o(.ARM.Collect$$rtentry$$0000000C)
    __rt_exit                                0x0800017b   Thumb Code     0  rtexit.o(.ARM.Collect$$rtexit$$00000000)
    __rt_exit_ls                             0x0800017d   Thumb Code     0  rtexit2.o(.ARM.Collect$$rtexit$$00000003)
    __rt_exit_prels_1                        0x0800017d   Thumb Code     0  rtexit2.o(.ARM.Collect$$rtexit$$00000002)
    __rt_exit_exit                           0x08000181   Thumb Code     0  rtexit2.o(.ARM.Collect$$rtexit$$00000004)
    SVC_Handler                              0x08000189   Thumb Code    32  port.o(.emb_text)
    __asm___6_port_c_39a90d8d__prvStartFirstTask 0x080001ad   Thumb Code    28  port.o(.emb_text)
    PendSV_Handler                           0x080001cd   Thumb Code    72  port.o(.emb_text)
    vPortGetIPSR                             0x08000219   Thumb Code     6  port.o(.emb_text)
    Reset_Handler                            0x08000221   Thumb Code     8  startup_stm32f10x_md.o(.text)
    NMI_Handler                              0x08000229   Thumb Code     2  startup_stm32f10x_md.o(.text)
    HardFault_Handler                        0x0800022b   Thumb Code     2  startup_stm32f10x_md.o(.text)
    MemManage_Handler                        0x0800022d   Thumb Code     2  startup_stm32f10x_md.o(.text)
    BusFault_Handler                         0x0800022f   Thumb Code     2  startup_stm32f10x_md.o(.text)
    UsageFault_Handler                       0x08000231   Thumb Code     2  startup_stm32f10x_md.o(.text)
    DebugMon_Handler                         0x08000235   Thumb Code     2  startup_stm32f10x_md.o(.text)
    ADC1_2_IRQHandler                        0x0800023b   Thumb Code     0  startup_stm32f10x_md.o(.text)
    CAN1_RX1_IRQHandler                      0x0800023b   Thumb Code     0  startup_stm32f10x_md.o(.text)
    CAN1_SCE_IRQHandler                      0x0800023b   Thumb Code     0  startup_stm32f10x_md.o(.text)
    DMA1_Channel1_IRQHandler                 0x0800023b   Thumb Code     0  startup_stm32f10x_md.o(.text)
    DMA1_Channel2_IRQHandler                 0x0800023b   Thumb Code     0  startup_stm32f10x_md.o(.text)
    DMA1_Channel3_IRQHandler                 0x0800023b   Thumb Code     0  startup_stm32f10x_md.o(.text)
    DMA1_Channel4_IRQHandler                 0x0800023b   Thumb Code     0  startup_stm32f10x_md.o(.text)
    DMA1_Channel5_IRQHandler                 0x0800023b   Thumb Code     0  startup_stm32f10x_md.o(.text)
    DMA1_Channel6_IRQHandler                 0x0800023b   Thumb Code     0  startup_stm32f10x_md.o(.text)
    DMA1_Channel7_IRQHandler                 0x0800023b   Thumb Code     0  startup_stm32f10x_md.o(.text)
    EXTI0_IRQHandler                         0x0800023b   Thumb Code     0  startup_stm32f10x_md.o(.text)
    EXTI15_10_IRQHandler                     0x0800023b   Thumb Code     0  startup_stm32f10x_md.o(.text)
    EXTI1_IRQHandler                         0x0800023b   Thumb Code     0  startup_stm32f10x_md.o(.text)
    EXTI2_IRQHandler                         0x0800023b   Thumb Code     0  startup_stm32f10x_md.o(.text)
    EXTI3_IRQHandler                         0x0800023b   Thumb Code     0  startup_stm32f10x_md.o(.text)
    EXTI4_IRQHandler                         0x0800023b   Thumb Code     0  startup_stm32f10x_md.o(.text)
    EXTI9_5_IRQHandler                       0x0800023b   Thumb Code     0  startup_stm32f10x_md.o(.text)
    FLASH_IRQHandler                         0x0800023b   Thumb Code     0  startup_stm32f10x_md.o(.text)
    I2C1_ER_IRQHandler                       0x0800023b   Thumb Code     0  startup_stm32f10x_md.o(.text)
    I2C1_EV_IRQHandler                       0x0800023b   Thumb Code     0  startup_stm32f10x_md.o(.text)
    I2C2_ER_IRQHandler                       0x0800023b   Thumb Code     0  startup_stm32f10x_md.o(.text)
    I2C2_EV_IRQHandler                       0x0800023b   Thumb Code     0  startup_stm32f10x_md.o(.text)
    PVD_IRQHandler                           0x0800023b   Thumb Code     0  startup_stm32f10x_md.o(.text)
    RCC_IRQHandler                           0x0800023b   Thumb Code     0  startup_stm32f10x_md.o(.text)
    RTCAlarm_IRQHandler                      0x0800023b   Thumb Code     0  startup_stm32f10x_md.o(.text)
    RTC_IRQHandler                           0x0800023b   Thumb Code     0  startup_stm32f10x_md.o(.text)
    SPI1_IRQHandler                          0x0800023b   Thumb Code     0  startup_stm32f10x_md.o(.text)
    SPI2_IRQHandler                          0x0800023b   Thumb Code     0  startup_stm32f10x_md.o(.text)
    TAMPER_IRQHandler                        0x0800023b   Thumb Code     0  startup_stm32f10x_md.o(.text)
    TIM1_BRK_IRQHandler                      0x0800023b   Thumb Code     0  startup_stm32f10x_md.o(.text)
    TIM1_CC_IRQHandler                       0x0800023b   Thumb Code     0  startup_stm32f10x_md.o(.text)
    TIM1_TRG_COM_IRQHandler                  0x0800023b   Thumb Code     0  startup_stm32f10x_md.o(.text)
    TIM1_UP_IRQHandler                       0x0800023b   Thumb Code     0  startup_stm32f10x_md.o(.text)
    TIM2_IRQHandler                          0x0800023b   Thumb Code     0  startup_stm32f10x_md.o(.text)
    TIM3_IRQHandler                          0x0800023b   Thumb Code     0  startup_stm32f10x_md.o(.text)
    TIM4_IRQHandler                          0x0800023b   Thumb Code     0  startup_stm32f10x_md.o(.text)
    USART1_IRQHandler                        0x0800023b   Thumb Code     0  startup_stm32f10x_md.o(.text)
    USART2_IRQHandler                        0x0800023b   Thumb Code     0  startup_stm32f10x_md.o(.text)
    USART3_IRQHandler                        0x0800023b   Thumb Code     0  startup_stm32f10x_md.o(.text)
    USBWakeUp_IRQHandler                     0x0800023b   Thumb Code     0  startup_stm32f10x_md.o(.text)
    USB_HP_CAN1_TX_IRQHandler                0x0800023b   Thumb Code     0  startup_stm32f10x_md.o(.text)
    USB_LP_CAN1_RX0_IRQHandler               0x0800023b   Thumb Code     0  startup_stm32f10x_md.o(.text)
    WWDG_IRQHandler                          0x0800023b   Thumb Code     0  startup_stm32f10x_md.o(.text)
    __user_initial_stackheap                 0x0800023d   Thumb Code     0  startup_stm32f10x_md.o(.text)
    __aeabi_memcpy                           0x08000261   Thumb Code     0  rt_memcpy_v6.o(.text)
    __rt_memcpy                              0x08000261   Thumb Code   138  rt_memcpy_v6.o(.text)
    _memcpy_lastbytes                        0x080002c7   Thumb Code     0  rt_memcpy_v6.o(.text)
    __aeabi_memmove                          0x080002eb   Thumb Code     0  rt_memmove_v6.o(.text)
    __rt_memmove                             0x080002eb   Thumb Code   132  rt_memmove_v6.o(.text)
    __memmove_lastfew                        0x0800034b   Thumb Code     0  rt_memmove_v6.o(.text)
    __aeabi_memset                           0x0800036f   Thumb Code    16  aeabi_memset.o(.text)
    __aeabi_memclr                           0x0800037f   Thumb Code     0  rt_memclr.o(.text)
    __rt_memclr                              0x0800037f   Thumb Code    68  rt_memclr.o(.text)
    _memset                                  0x08000383   Thumb Code     0  rt_memclr.o(.text)
    __use_two_region_memory                  0x080003c3   Thumb Code     2  heapauxi.o(.text)
    __rt_heap_escrow$2region                 0x080003c5   Thumb Code     2  heapauxi.o(.text)
    __rt_heap_expand$2region                 0x080003c7   Thumb Code     2  heapauxi.o(.text)
    __aeabi_memcpy4                          0x080003c9   Thumb Code     0  rt_memcpy_w.o(.text)
    __aeabi_memcpy8                          0x080003c9   Thumb Code     0  rt_memcpy_w.o(.text)
    __rt_memcpy_w                            0x080003c9   Thumb Code   100  rt_memcpy_w.o(.text)
    _memcpy_lastbytes_aligned                0x08000411   Thumb Code     0  rt_memcpy_w.o(.text)
    __aeabi_memmove4                         0x0800042d   Thumb Code     0  rt_memmove_w.o(.text)
    __aeabi_memmove8                         0x0800042d   Thumb Code     0  rt_memmove_w.o(.text)
    __rt_memmove_w                           0x0800042d   Thumb Code   122  rt_memmove_w.o(.text)
    __memmove_aligned                        0x08000453   Thumb Code     0  rt_memmove_w.o(.text)
    __memmove_lastfew_aligned                0x0800048b   Thumb Code     0  rt_memmove_w.o(.text)
    __aeabi_memclr4                          0x080004a7   Thumb Code     0  rt_memclr_w.o(.text)
    __aeabi_memclr8                          0x080004a7   Thumb Code     0  rt_memclr_w.o(.text)
    __rt_memclr_w                            0x080004a7   Thumb Code    78  rt_memclr_w.o(.text)
    _memset_w                                0x080004ab   Thumb Code     0  rt_memclr_w.o(.text)
    __user_setup_stackheap                   0x080004f5   Thumb Code    74  sys_stackheap_outer.o(.text)
    exit                                     0x0800053f   Thumb Code    18  exit.o(.text)
    __user_libspace                          0x08000551   Thumb Code     8  libspace.o(.text)
    __user_perproc_libspace                  0x08000551   Thumb Code     0  libspace.o(.text)
    __user_perthread_libspace                0x08000551   Thumb Code     0  libspace.o(.text)
    _sys_exit                                0x08000559   Thumb Code     8  sys_exit.o(.text)
    __I$use$semihosting                      0x08000565   Thumb Code     0  use_no_semi.o(.text)
    __use_no_semihosting_swi                 0x08000565   Thumb Code     2  use_no_semi.o(.text)
    __semihosting_library_function           0x08000567   Thumb Code     0  indicate_semi.o(.text)
    CLK_init                                 0x08000569   Thumb Code    44  main.o(i.CLK_init)
    GPIO_init                                0x08000599   Thumb Code   114  main.o(i.GPIO_init)
    LCD_cmd                                  0x08000615   Thumb Code    18  lcd.o(i.LCD_cmd)
    LCD_data                                 0x08000631   Thumb Code    18  lcd.o(i.LCD_data)
    LCD_init                                 0x0800064d   Thumb Code    44  lcd.o(i.LCD_init)
    RCC_init                                 0x0800067d   Thumb Code    60  main.o(i.RCC_init)
    SPI_init                                 0x080006bd   Thumb Code    58  main.o(i.SPI_init)
    SysTick_Handler                          0x080007a5   Thumb Code    38  port.o(i.SysTick_Handler)
    SystemInit                               0x080007d1   Thumb Code    64  system_stm32f10x.o(i.SystemInit)
    character                                0x08000821   Thumb Code    60  lcd.o(i.character)
    clearLCD                                 0x08000869   Thumb Code    50  lcd.o(i.clearLCD)
    delay                                    0x080008a1   Thumb Code    16  main.o(i.delay)
    display                                  0x080008b1   Thumb Code    38  lcd.o(i.display)
    fillLCD                                  0x080008dd   Thumb Code    52  lcd.o(i.fillLCD)
    lshift                                   0x08000915   Thumb Code    44  ds.o(i.lshift)
    main                                     0x08000941   Thumb Code   110  main.o(i.main)
    newLine                                  0x080009e9   Thumb Code    32  lcd.o(i.newLine)
    pvPortMalloc                             0x08000c85   Thumb Code   172  heap_2.o(i.pvPortMalloc)
    pxPortInitialiseStack                    0x08000d39   Thumb Code    32  port.o(i.pxPortInitialiseStack)
    setX                                     0x08000d5d   Thumb Code    22  lcd.o(i.setX)
    setY                                     0x08000d73   Thumb Code    22  lcd.o(i.setY)
    uxListRemove                             0x08000d89   Thumb Code    36  list.o(i.uxListRemove)
    vApplicationIdleHook                     0x08000dad   Thumb Code    34  main.o(i.vApplicationIdleHook)
    vListInitialise                          0x08000de1   Thumb Code    22  list.o(i.vListInitialise)
    vListInitialiseItem                      0x08000df7   Thumb Code     6  list.o(i.vListInitialiseItem)
    vListInsert                              0x08000dfd   Thumb Code    48  list.o(i.vListInsert)
    vListInsertEnd                           0x08000e2d   Thumb Code    24  list.o(i.vListInsertEnd)
    vPortEnterCritical                       0x08000e45   Thumb Code    24  port.o(i.vPortEnterCritical)
    vPortExitCritical                        0x08000e61   Thumb Code    16  port.o(i.vPortExitCritical)
    vPortFree                                0x08000e75   Thumb Code    56  heap_2.o(i.vPortFree)
    vPortSetupTimerInterrupt                 0x08000eb1   Thumb Code    14  port.o(i.vPortSetupTimerInterrupt)
    vTask1                                   0x08000ec5   Thumb Code    30  main.o(i.vTask1)
    vTask2                                   0x08000ee5   Thumb Code    30  main.o(i.vTask2)
    vTaskDelay                               0x08000f05   Thumb Code    44  tasks.o(i.vTaskDelay)
    vTaskStartScheduler                      0x08000f35   Thumb Code    66  tasks.o(i.vTaskStartScheduler)
    vTaskSuspendAll                          0x08000f89   Thumb Code    10  tasks.o(i.vTaskSuspendAll)
    vTaskSwitchContext                       0x08000f99   Thumb Code    60  tasks.o(i.vTaskSwitchContext)
    wait                                     0x08000fdd   Thumb Code    12  main.o(i.wait)
    write                                    0x08000fed   Thumb Code    80  lcd.o(i.write)
    xPortStartScheduler                      0x08001045   Thumb Code    38  port.o(i.xPortStartScheduler)
    xTaskCreate                              0x08001075   Thumb Code    86  tasks.o(i.xTaskCreate)
    xTaskIncrementTick                       0x080010cd   Thumb Code   170  tasks.o(i.xTaskIncrementTick)
    xTaskResumeAll                           0x08001181   Thumb Code   166  tasks.o(i.xTaskResumeAll)
    Region$$Table$$Base                      0x08001554   Number         0  anon$$obj.o(Region$$Table)
    Region$$Table$$Limit                     0x08001574   Number         0  anon$$obj.o(Region$$Table)
    sr_ptr                                   0x20000000   Data           4  main.o(.data)
    pxCurrentTCB                             0x20000004   Data           4  tasks.o(.data)
    indx                                     0x2000005c   Data           2  lcd.o(.data)
    __libspace_start                         0x20004720   Data          96  libspace.o(.bss)
    __temporary_stack_top$libspace           0x20004780   Data           0  libspace.o(.bss)



==============================================================================

Memory Map of the image

  Image Entry point : 0x08000221

  Load Region LR_1 (Base: 0x08000000, Size: 0x000015d4, Max: 0xffffffff, ABSOLUTE)

    Execution Region ER_RO (Exec base: 0x08000000, Load base: 0x08000000, Size: 0x00001574, Max: 0xffffffff, ABSOLUTE)

    Exec Addr    Load Addr    Size         Type   Attr      Idx    E Section Name        Object

    0x08000000   0x08000000   0x000000ec   Data   RO          988    RESET               startup_stm32f10x_md.o
    0x080000ec   0x080000ec   0x00000008   Code   RO         1046  * !!!main             c_w.l(__main.o)
    0x080000f4   0x080000f4   0x00000034   Code   RO         1224    !!!scatter          c_w.l(__scatter.o)
    0x08000128   0x08000128   0x0000001a   Code   RO         1226    !!handler_copy      c_w.l(__scatter_copy.o)
    0x08000142   0x08000142   0x00000002   PAD
    0x08000144   0x08000144   0x0000001c   Code   RO         1228    !!handler_zi        c_w.l(__scatter_zi.o)
    0x08000160   0x08000160   0x00000002   Code   RO         1094    .ARM.Collect$$libinit$$00000000  c_w.l(libinit.o)
    0x08000162   0x08000162   0x00000000   Code   RO         1101    .ARM.Collect$$libinit$$00000002  c_w.l(libinit2.o)
    0x08000162   0x08000162   0x00000000   Code   RO         1103    .ARM.Collect$$libinit$$00000004  c_w.l(libinit2.o)
    0x08000162   0x08000162   0x00000000   Code   RO         1106    .ARM.Collect$$libinit$$0000000A  c_w.l(libinit2.o)
    0x08000162   0x08000162   0x00000000   Code   RO         1108    .ARM.Collect$$libinit$$0000000C  c_w.l(libinit2.o)
    0x08000162   0x08000162   0x00000000   Code   RO         1110    .ARM.Collect$$libinit$$0000000E  c_w.l(libinit2.o)
    0x08000162   0x08000162   0x00000000   Code   RO         1113    .ARM.Collect$$libinit$$00000011  c_w.l(libinit2.o)
    0x08000162   0x08000162   0x00000000   Code   RO         1115    .ARM.Collect$$libinit$$00000013  c_w.l(libinit2.o)
    0x08000162   0x08000162   0x00000000   Code   RO         1117    .ARM.Collect$$libinit$$00000015  c_w.l(libinit2.o)
    0x08000162   0x08000162   0x00000000   Code   RO         1119    .ARM.Collect$$libinit$$00000017  c_w.l(libinit2.o)
    0x08000162   0x08000162   0x00000000   Code   RO         1121    .ARM.Collect$$libinit$$00000019  c_w.l(libinit2.o)
    0x08000162   0x08000162   0x00000000   Code   RO         1123    .ARM.Collect$$libinit$$0000001B  c_w.l(libinit2.o)
    0x08000162   0x08000162   0x00000000   Code   RO         1125    .ARM.Collect$$libinit$$0000001D  c_w.l(libinit2.o)
    0x08000162   0x08000162   0x00000000   Code   RO         1127    .ARM.Collect$$libinit$$0000001F  c_w.l(libinit2.o)
    0x08000162   0x08000162   0x00000000   Code   RO         1129    .ARM.Collect$$libinit$$00000021  c_w.l(libinit2.o)
    0x08000162   0x08000162   0x00000000   Code   RO         1131    .ARM.Collect$$libinit$$00000023  c_w.l(libinit2.o)
    0x08000162   0x08000162   0x00000000   Code   RO         1133    .ARM.Collect$$libinit$$00000025  c_w.l(libinit2.o)
    0x08000162   0x08000162   0x00000000   Code   RO         1137    .ARM.Collect$$libinit$$0000002C  c_w.l(libinit2.o)
    0x08000162   0x08000162   0x00000000   Code   RO         1139    .ARM.Collect$$libinit$$0000002E  c_w.l(libinit2.o)
    0x08000162   0x08000162   0x00000000   Code   RO         1141    .ARM.Collect$$libinit$$00000030  c_w.l(libinit2.o)
    0x08000162   0x08000162   0x00000000   Code   RO         1143    .ARM.Collect$$libinit$$00000032  c_w.l(libinit2.o)
    0x08000162   0x08000162   0x00000002   Code   RO         1144    .ARM.Collect$$libinit$$00000033  c_w.l(libinit2.o)
    0x08000164   0x08000164   0x00000002   Code   RO         1164    .ARM.Collect$$libshutdown$$00000000  c_w.l(libshutdown.o)
    0x08000166   0x08000166   0x00000000   Code   RO         1177    .ARM.Collect$$libshutdown$$00000002  c_w.l(libshutdown2.o)
    0x08000166   0x08000166   0x00000000   Code   RO         1179    .ARM.Collect$$libshutdown$$00000004  c_w.l(libshutdown2.o)
    0x08000166   0x08000166   0x00000000   Code   RO         1182    .ARM.Collect$$libshutdown$$00000007  c_w.l(libshutdown2.o)
    0x08000166   0x08000166   0x00000000   Code   RO         1185    .ARM.Collect$$libshutdown$$0000000A  c_w.l(libshutdown2.o)
    0x08000166   0x08000166   0x00000000   Code   RO         1187    .ARM.Collect$$libshutdown$$0000000C  c_w.l(libshutdown2.o)
    0x08000166   0x08000166   0x00000000   Code   RO         1190    .ARM.Collect$$libshutdown$$0000000F  c_w.l(libshutdown2.o)
    0x08000166   0x08000166   0x00000002   Code   RO         1191    .ARM.Collect$$libshutdown$$00000010  c_w.l(libshutdown2.o)
    0x08000168   0x08000168   0x00000000   Code   RO         1058    .ARM.Collect$$rtentry$$00000000  c_w.l(__rtentry.o)
    0x08000168   0x08000168   0x00000000   Code   RO         1071    .ARM.Collect$$rtentry$$00000002  c_w.l(__rtentry2.o)
    0x08000168   0x08000168   0x00000006   Code   RO         1083    .ARM.Collect$$rtentry$$00000004  c_w.l(__rtentry4.o)
    0x0800016e   0x0800016e   0x00000000   Code   RO         1073    .ARM.Collect$$rtentry$$00000009  c_w.l(__rtentry2.o)
    0x0800016e   0x0800016e   0x00000004   Code   RO         1074    .ARM.Collect$$rtentry$$0000000A  c_w.l(__rtentry2.o)
    0x08000172   0x08000172   0x00000000   Code   RO         1076    .ARM.Collect$$rtentry$$0000000C  c_w.l(__rtentry2.o)
    0x08000172   0x08000172   0x00000008   Code   RO         1077    .ARM.Collect$$rtentry$$0000000D  c_w.l(__rtentry2.o)
    0x0800017a   0x0800017a   0x00000002   Code   RO         1098    .ARM.Collect$$rtexit$$00000000  c_w.l(rtexit.o)
    0x0800017c   0x0800017c   0x00000000   Code   RO         1146    .ARM.Collect$$rtexit$$00000002  c_w.l(rtexit2.o)
    0x0800017c   0x0800017c   0x00000004   Code   RO         1147    .ARM.Collect$$rtexit$$00000003  c_w.l(rtexit2.o)
    0x08000180   0x08000180   0x00000006   Code   RO         1148    .ARM.Collect$$rtexit$$00000004  c_w.l(rtexit2.o)
    0x08000186   0x08000186   0x00000002   PAD
    0x08000188   0x08000188   0x00000096   Code   RO          735    .emb_text           port.o
    0x0800021e   0x0800021e   0x00000002   PAD
    0x08000220   0x08000220   0x00000040   Code   RO          989  * .text               startup_stm32f10x_md.o
    0x08000260   0x08000260   0x0000008a   Code   RO         1036    .text               c_w.l(rt_memcpy_v6.o)
    0x080002ea   0x080002ea   0x00000084   Code   RO         1038    .text               c_w.l(rt_memmove_v6.o)
    0x0800036e   0x0800036e   0x00000010   Code   RO         1040    .text               c_w.l(aeabi_memset.o)
    0x0800037e   0x0800037e   0x00000044   Code   RO         1042    .text               c_w.l(rt_memclr.o)
    0x080003c2   0x080003c2   0x00000006   Code   RO         1044    .text               c_w.l(heapauxi.o)
    0x080003c8   0x080003c8   0x00000064   Code   RO         1059    .text               c_w.l(rt_memcpy_w.o)
    0x0800042c   0x0800042c   0x0000007a   Code   RO         1061    .text               c_w.l(rt_memmove_w.o)
    0x080004a6   0x080004a6   0x0000004e   Code   RO         1063    .text               c_w.l(rt_memclr_w.o)
    0x080004f4   0x080004f4   0x0000004a   Code   RO         1085    .text               c_w.l(sys_stackheap_outer.o)
    0x0800053e   0x0800053e   0x00000012   Code   RO         1087    .text               c_w.l(exit.o)
    0x08000550   0x08000550   0x00000008   Code   RO         1095    .text               c_w.l(libspace.o)
    0x08000558   0x08000558   0x0000000c   Code   RO         1156    .text               c_w.l(sys_exit.o)
    0x08000564   0x08000564   0x00000002   Code   RO         1167    .text               c_w.l(use_no_semi.o)
    0x08000566   0x08000566   0x00000000   Code   RO         1169    .text               c_w.l(indicate_semi.o)
    0x08000566   0x08000566   0x00000002   PAD
    0x08000568   0x08000568   0x00000030   Code   RO            4    i.CLK_init          main.o
    0x08000598   0x08000598   0x0000007c   Code   RO            5    i.GPIO_init         main.o
    0x08000614   0x08000614   0x0000001c   Code   RO          810    i.LCD_cmd           lcd.o
    0x08000630   0x08000630   0x0000001c   Code   RO          811    i.LCD_data          lcd.o
    0x0800064c   0x0800064c   0x00000030   Code   RO          812    i.LCD_init          lcd.o
    0x0800067c   0x0800067c   0x00000040   Code   RO            6    i.RCC_init          main.o
    0x080006bc   0x080006bc   0x00000040   Code   RO            7    i.SPI_init          main.o
    0x080006fc   0x080006fc   0x000000a8   Code   RO          996    i.SetSysClockTo72   system_stm32f10x.o
    0x080007a4   0x080007a4   0x0000002c   Code   RO          736    i.SysTick_Handler   port.o
    0x080007d0   0x080007d0   0x00000050   Code   RO          998    i.SystemInit        system_stm32f10x.o
    0x08000820   0x08000820   0x00000048   Code   RO          813    i.character         lcd.o
    0x08000868   0x08000868   0x00000038   Code   RO          814    i.clearLCD          lcd.o
    0x080008a0   0x080008a0   0x00000010   Code   RO            8    i.delay             main.o
    0x080008b0   0x080008b0   0x0000002c   Code   RO          815    i.display           lcd.o
    0x080008dc   0x080008dc   0x00000038   Code   RO          818    i.fillLCD           lcd.o
    0x08000914   0x08000914   0x0000002c   Code   RO          974    i.lshift            ds.o
    0x08000940   0x08000940   0x000000a8   Code   RO            9    i.main              main.o
    0x080009e8   0x080009e8   0x00000024   Code   RO          823    i.newLine           lcd.o
    0x08000a0c   0x08000a0c   0x00000070   Code   RO          429    i.prvAddCurrentTaskToDelayedList  tasks.o
    0x08000a7c   0x08000a7c   0x000000d0   Code   RO          430    i.prvAddNewTaskToReadyList  tasks.o
    0x08000b4c   0x08000b4c   0x00000050   Code   RO          431    i.prvCheckTasksWaitingTermination  tasks.o
    0x08000b9c   0x08000b9c   0x00000014   Code   RO          432    i.prvDeleteTCB      tasks.o
    0x08000bb0   0x08000bb0   0x0000002c   Code   RO          433    i.prvIdleTask       tasks.o
    0x08000bdc   0x08000bdc   0x00000078   Code   RO          434    i.prvInitialiseNewTask  tasks.o
    0x08000c54   0x08000c54   0x00000020   Code   RO          435    i.prvResetNextTaskUnblockTime  tasks.o
    0x08000c74   0x08000c74   0x00000010   Code   RO          737    i.prvTaskExitError  port.o
    0x08000c84   0x08000c84   0x000000b4   Code   RO          702    i.pvPortMalloc      heap_2.o
    0x08000d38   0x08000d38   0x00000024   Code   RO          738    i.pxPortInitialiseStack  port.o
    0x08000d5c   0x08000d5c   0x00000016   Code   RO          827    i.setX              lcd.o
    0x08000d72   0x08000d72   0x00000016   Code   RO          828    i.setY              lcd.o
    0x08000d88   0x08000d88   0x00000024   Code   RO          276    i.uxListRemove      list.o
    0x08000dac   0x08000dac   0x00000034   Code   RO           10    i.vApplicationIdleHook  main.o
    0x08000de0   0x08000de0   0x00000016   Code   RO          277    i.vListInitialise   list.o
    0x08000df6   0x08000df6   0x00000006   Code   RO          278    i.vListInitialiseItem  list.o
    0x08000dfc   0x08000dfc   0x00000030   Code   RO          279    i.vListInsert       list.o
    0x08000e2c   0x08000e2c   0x00000018   Code   RO          280    i.vListInsertEnd    list.o
    0x08000e44   0x08000e44   0x0000001c   Code   RO          740    i.vPortEnterCritical  port.o
    0x08000e60   0x08000e60   0x00000014   Code   RO          741    i.vPortExitCritical  port.o
    0x08000e74   0x08000e74   0x0000003c   Code   RO          703    i.vPortFree         heap_2.o
    0x08000eb0   0x08000eb0   0x00000014   Code   RO          742    i.vPortSetupTimerInterrupt  port.o
    0x08000ec4   0x08000ec4   0x0000001e   Code   RO           11    i.vTask1            main.o
    0x08000ee2   0x08000ee2   0x00000002   PAD
    0x08000ee4   0x08000ee4   0x0000001e   Code   RO           12    i.vTask2            main.o
    0x08000f02   0x08000f02   0x00000002   PAD
    0x08000f04   0x08000f04   0x00000030   Code   RO          442    i.vTaskDelay        tasks.o
    0x08000f34   0x08000f34   0x00000054   Code   RO          453    i.vTaskStartScheduler  tasks.o
    0x08000f88   0x08000f88   0x00000010   Code   RO          455    i.vTaskSuspendAll   tasks.o
    0x08000f98   0x08000f98   0x00000044   Code   RO          456    i.vTaskSwitchContext  tasks.o
    0x08000fdc   0x08000fdc   0x00000010   Code   RO           13    i.wait              main.o
    0x08000fec   0x08000fec   0x00000058   Code   RO          831    i.write             lcd.o
    0x08001044   0x08001044   0x00000030   Code   RO          743    i.xPortStartScheduler  port.o
    0x08001074   0x08001074   0x00000056   Code   RO          458    i.xTaskCreate       tasks.o
    0x080010ca   0x080010ca   0x00000002   PAD
    0x080010cc   0x080010cc   0x000000b4   Code   RO          463    i.xTaskIncrementTick  tasks.o
    0x08001180   0x08001180   0x000000b4   Code   RO          468    i.xTaskResumeAll    tasks.o
    0x08001234   0x08001234   0x00000320   Data   RO          833    .constdata          lcd.o
    0x08001554   0x08001554   0x00000020   Data   RO         1222    Region$$Table       anon$$obj.o


    Execution Region ER_RW (Exec base: 0x20000000, Load base: 0x08001574, Size: 0x00000060, Max: 0xffffffff, ABSOLUTE)

    Exec Addr    Load Addr    Size         Type   Attr      Idx    E Section Name        Object

    0x20000000   0x08001574   0x00000004   Data   RW           14    .data               main.o
    0x20000004   0x08001578   0x0000003c   Data   RW          471    .data               tasks.o
    0x20000040   0x080015b4   0x00000018   Data   RW          707    .data               heap_2.o
    0x20000058   0x080015cc   0x00000004   Data   RW          744    .data               port.o
    0x2000005c   0x080015d0   0x00000002   Data   RW          834    .data               lcd.o


    Execution Region ER_ZI (Exec base: 0x20000060, Load base: 0x080015d4, Size: 0x00004d20, Max: 0xffffffff, ABSOLUTE)

    Exec Addr    Load Addr    Size         Type   Attr      Idx    E Section Name        Object

    0x20000060        -       0x000000c8   Zero   RW          470    .bss                tasks.o
    0x20000128        -       0x00004400   Zero   RW          706    .bss                heap_2.o
    0x20004528        -       0x000001f8   Zero   RW          832    .bss                lcd.o
    0x20004720        -       0x00000060   Zero   RW         1096    .bss                c_w.l(libspace.o)
    0x20004780        -       0x00000200   Zero   RW          987    HEAP                startup_stm32f10x_md.o
    0x20004980        -       0x00000400   Zero   RW          986    STACK               startup_stm32f10x_md.o


==============================================================================

Image component sizes


      Code (inc. data)   RO Data    RW Data    ZI Data      Debug   Object Name

         0          0          0          0          0       4600   croutine.o
        44          0          0          0          0        809   ds.o
         0          0          0          0          0       1472   event_groups.o
       240         12          0         24      17408       2855   heap_2.o
       500         64        800          2        504       5683   lcd.o
       136          0          0          0          0       2666   list.o
       612        104          0          4          0      11475   main.o
       362         46          0          4          0       8068   port.o
        64         26        236          0       1536        784   startup_stm32f10x_md.o
       248         24          0          0          0       1505   system_stm32f10x.o
      1278        110          0         60        200      20010   tasks.o

    ----------------------------------------------------------------------
      3492        386       1068         96      19648      59927   Object Totals
         0          0         32          0          0          0   (incl. Generated)
         8          0          0          2          0          0   (incl. Padding)

    ----------------------------------------------------------------------

      Code (inc. data)   RO Data    RW Data    ZI Data      Debug   Library Member Name

         8          0          0          0          0         68   __main.o
         0          0          0          0          0          0   __rtentry.o
        12          0          0          0          0          0   __rtentry2.o
         6          0          0          0          0          0   __rtentry4.o
        52          8          0          0          0          0   __scatter.o
        26          0          0          0          0          0   __scatter_copy.o
        28          0          0          0          0          0   __scatter_zi.o
        16          0          0          0          0         68   aeabi_memset.o
        18          0          0          0          0         80   exit.o
         6          0          0          0          0        152   heapauxi.o
         0          0          0          0          0          0   indicate_semi.o
         2          0          0          0          0          0   libinit.o
         2          0          0          0          0          0   libinit2.o
         2          0          0          0          0          0   libshutdown.o
         2          0          0          0          0          0   libshutdown2.o
         8          4          0          0         96         68   libspace.o
        68          0          0          0          0         68   rt_memclr.o
        78          0          0          0          0         80   rt_memclr_w.o
       138          0          0          0          0         68   rt_memcpy_v6.o
       100          0          0          0          0         80   rt_memcpy_w.o
       132          0          0          0          0         68   rt_memmove_v6.o
       122          0          0          0          0         80   rt_memmove_w.o
         2          0          0          0          0          0   rtexit.o
        10          0          0          0          0          0   rtexit2.o
        12          4          0          0          0         68   sys_exit.o
        74          0          0          0          0         80   sys_stackheap_outer.o
         2          0          0          0          0         68   use_no_semi.o

    ----------------------------------------------------------------------
       932         16          0          0         96       1096   Library Totals
         6          0          0          0          0          0   (incl. Padding)

    ----------------------------------------------------------------------

      Code (inc. data)   RO Data    RW Data    ZI Data      Debug   Library Name

       926         16          0          0         96       1096   c_w.l

    ----------------------------------------------------------------------
       932         16          0          0         96       1096   Library Totals

    ----------------------------------------------------------------------

==============================================================================


      Code (inc. data)   RO Data    RW Data    ZI Data      Debug   

      4424        402       1068         96      19744      58003   Grand Totals
      4424        402       1068         96      19744      58003   ELF Image Totals
      4424        402       1068         96          0          0   ROM Totals

==============================================================================

    Total RO  Size (Code + RO Data)                 5492 (   5.36kB)
    Total RW  Size (RW Data + ZI Data)             19840 (  19.38kB)
    Total ROM Size (Code + RO Data + RW Data)       5588 (   5.46kB)

==============================================================================

